Archive member included to satisfy reference by file (symbol)

C:\Users\Labuser\STM32CubeIDE\workspace_1.8.0\SingleChannelDA\Lib\libarm_cortexM4lf_math.a(arm_rfft_fast_init_f32.o)
                              ./Core/Src/main.o (arm_rfft_fast_init_f32)
C:\Users\Labuser\STM32CubeIDE\workspace_1.8.0\SingleChannelDA\Lib\libarm_cortexM4lf_math.a(arm_rfft_fast_f32.o)
                              ./Core/Src/main.o (arm_rfft_fast_f32)
C:\Users\Labuser\STM32CubeIDE\workspace_1.8.0\SingleChannelDA\Lib\libarm_cortexM4lf_math.a(arm_cfft_f32.o)
                              C:\Users\Labuser\STM32CubeIDE\workspace_1.8.0\SingleChannelDA\Lib\libarm_cortexM4lf_math.a(arm_rfft_fast_f32.o) (arm_cfft_f32)
C:\Users\Labuser\STM32CubeIDE\workspace_1.8.0\SingleChannelDA\Lib\libarm_cortexM4lf_math.a(arm_common_tables.o)
                              C:\Users\Labuser\STM32CubeIDE\workspace_1.8.0\SingleChannelDA\Lib\libarm_cortexM4lf_math.a(arm_rfft_fast_init_f32.o) (twiddleCoef_rfft_4096)
C:\Users\Labuser\STM32CubeIDE\workspace_1.8.0\SingleChannelDA\Lib\libarm_cortexM4lf_math.a(arm_bitreversal2.o)
                              C:\Users\Labuser\STM32CubeIDE\workspace_1.8.0\SingleChannelDA\Lib\libarm_cortexM4lf_math.a(arm_cfft_f32.o) (arm_bitreversal_32)
C:\Users\Labuser\STM32CubeIDE\workspace_1.8.0\SingleChannelDA\Lib\libarm_cortexM4lf_math.a(arm_cfft_radix8_f32.o)
                              C:\Users\Labuser\STM32CubeIDE\workspace_1.8.0\SingleChannelDA\Lib\libarm_cortexM4lf_math.a(arm_cfft_f32.o) (arm_radix8_butterfly_f32)
c:/st/stm32cubeide_1.8.0/stm32cubeide/plugins/com.st.stm32cube.ide.mcu.externaltools.gnu-tools-for-stm32.9-2020-q2-update.win32_2.0.0.202105311346/tools/bin/../lib/gcc/arm-none-eabi/9.3.1/../../../../arm-none-eabi/lib/thumb/v7e-m+fp/hard\libc_nano.a(lib_a-errno.o)
                              ./Core/Src/syscalls.o (__errno)
c:/st/stm32cubeide_1.8.0/stm32cubeide/plugins/com.st.stm32cube.ide.mcu.externaltools.gnu-tools-for-stm32.9-2020-q2-update.win32_2.0.0.202105311346/tools/bin/../lib/gcc/arm-none-eabi/9.3.1/../../../../arm-none-eabi/lib/thumb/v7e-m+fp/hard\libc_nano.a(lib_a-exit.o)
                              c:/st/stm32cubeide_1.8.0/stm32cubeide/plugins/com.st.stm32cube.ide.mcu.externaltools.gnu-tools-for-stm32.9-2020-q2-update.win32_2.0.0.202105311346/tools/bin/../lib/gcc/arm-none-eabi/9.3.1/../../../../arm-none-eabi/lib/thumb/v7e-m+fp/hard/crt0.o (exit)
c:/st/stm32cubeide_1.8.0/stm32cubeide/plugins/com.st.stm32cube.ide.mcu.externaltools.gnu-tools-for-stm32.9-2020-q2-update.win32_2.0.0.202105311346/tools/bin/../lib/gcc/arm-none-eabi/9.3.1/../../../../arm-none-eabi/lib/thumb/v7e-m+fp/hard\libc_nano.a(lib_a-impure.o)
                              c:/st/stm32cubeide_1.8.0/stm32cubeide/plugins/com.st.stm32cube.ide.mcu.externaltools.gnu-tools-for-stm32.9-2020-q2-update.win32_2.0.0.202105311346/tools/bin/../lib/gcc/arm-none-eabi/9.3.1/../../../../arm-none-eabi/lib/thumb/v7e-m+fp/hard\libc_nano.a(lib_a-exit.o) (_global_impure_ptr)
c:/st/stm32cubeide_1.8.0/stm32cubeide/plugins/com.st.stm32cube.ide.mcu.externaltools.gnu-tools-for-stm32.9-2020-q2-update.win32_2.0.0.202105311346/tools/bin/../lib/gcc/arm-none-eabi/9.3.1/../../../../arm-none-eabi/lib/thumb/v7e-m+fp/hard\libc_nano.a(lib_a-init.o)
                              c:/st/stm32cubeide_1.8.0/stm32cubeide/plugins/com.st.stm32cube.ide.mcu.externaltools.gnu-tools-for-stm32.9-2020-q2-update.win32_2.0.0.202105311346/tools/bin/../lib/gcc/arm-none-eabi/9.3.1/../../../../arm-none-eabi/lib/thumb/v7e-m+fp/hard/crt0.o (__libc_init_array)
c:/st/stm32cubeide_1.8.0/stm32cubeide/plugins/com.st.stm32cube.ide.mcu.externaltools.gnu-tools-for-stm32.9-2020-q2-update.win32_2.0.0.202105311346/tools/bin/../lib/gcc/arm-none-eabi/9.3.1/../../../../arm-none-eabi/lib/thumb/v7e-m+fp/hard\libc_nano.a(lib_a-memset.o)
                              c:/st/stm32cubeide_1.8.0/stm32cubeide/plugins/com.st.stm32cube.ide.mcu.externaltools.gnu-tools-for-stm32.9-2020-q2-update.win32_2.0.0.202105311346/tools/bin/../lib/gcc/arm-none-eabi/9.3.1/../../../../arm-none-eabi/lib/thumb/v7e-m+fp/hard/crt0.o (memset)
c:/st/stm32cubeide_1.8.0/stm32cubeide/plugins/com.st.stm32cube.ide.mcu.externaltools.gnu-tools-for-stm32.9-2020-q2-update.win32_2.0.0.202105311346/tools/bin/../lib/gcc/arm-none-eabi/9.3.1/../../../../arm-none-eabi/lib/thumb/v7e-m+fp/hard\libc_nano.a(lib_a-snprintf.o)
                              ./Core/Src/main.o (snprintf)
c:/st/stm32cubeide_1.8.0/stm32cubeide/plugins/com.st.stm32cube.ide.mcu.externaltools.gnu-tools-for-stm32.9-2020-q2-update.win32_2.0.0.202105311346/tools/bin/../lib/gcc/arm-none-eabi/9.3.1/../../../../arm-none-eabi/lib/thumb/v7e-m+fp/hard\libc_nano.a(lib_a-strlen.o)
                              ./Core/Src/main.o (strlen)
[...]
Memory Configuration

Name             Origin             Length             Attributes
RAM              0x0000000020000000 0x0000000000018000 xrw
RAM2             0x0000000010000000 0x0000000000008000 xrw
FLASH            0x0000000008000000 0x0000000000100000 xr
*default*        0x0000000000000000 0xffffffffffffffff

Linker script and memory map

LOAD c:/st/stm32cubeide_1.8.0/stm32cubeide/plugins/com.st.stm32cube.ide.mcu.externaltools.gnu-tools-for-stm32.9-2020-q2-update.win32_2.0.0.202105311346/tools/bin/../lib/gcc/arm-none-eabi/9.3.1/thumb/v7e-m+fp/hard/crti.o
LOAD c:/st/stm32cubeide_1.8.0/stm32cubeide/plugins/com.st.stm32cube.ide.mcu.externaltools.gnu-tools-for-stm32.9-2020-q2-update.win32_2.0.0.202105311346/tools/bin/../lib/gcc/arm-none-eabi/9.3.1/thumb/v7e-m+fp/hard/crtbegin.o
LOAD c:/st/stm32cubeide_1.8.0/stm32cubeide/plugins/com.st.stm32cube.ide.mcu.externaltools.gnu-tools-for-stm32.9-2020-q2-update.win32_2.0.0.202105311346/tools/bin/../lib/gcc/arm-none-eabi/9.3.1/../../../../arm-none-eabi/lib/thumb/v7e-m+fp/hard/crt0.o
LOAD ./Core/Src/main.o
LOAD ./Core/Src/stm32l4xx_hal_msp.o
LOAD ./Core/Src/stm32l4xx_it.o
LOAD ./Core/Src/syscalls.o
LOAD ./Core/Src/sysmem.o
LOAD ./Core/Src/system_stm32l4xx.o
LOAD ./Core/Startup/startup_stm32l476rgtx.o
LOAD ./Drivers/STM32L4xx_HAL_Driver/Src/stm32l4xx_hal.o
LOAD ./Drivers/STM32L4xx_HAL_Driver/Src/stm32l4xx_hal_adc.o
LOAD ./Drivers/STM32L4xx_HAL_Driver/Src/stm32l4xx_hal_adc_ex.o
LOAD ./Drivers/STM32L4xx_HAL_Driver/Src/stm32l4xx_hal_cortex.o
LOAD ./Drivers/STM32L4xx_HAL_Driver/Src/stm32l4xx_hal_dma.o
LOAD ./Drivers/STM32L4xx_HAL_Driver/Src/stm32l4xx_hal_dma_ex.o
LOAD ./Drivers/STM32L4xx_HAL_Driver/Src/stm32l4xx_hal_exti.o
LOAD ./Drivers/STM32L4xx_HAL_Driver/Src/stm32l4xx_hal_flash.o
LOAD ./Drivers/STM32L4xx_HAL_Driver/Src/stm32l4xx_hal_flash_ex.o
LOAD ./Drivers/STM32L4xx_HAL_Driver/Src/stm32l4xx_hal_flash_ramfunc.o
LOAD ./Drivers/STM32L4xx_HAL_Driver/Src/stm32l4xx_hal_gpio.o
LOAD ./Drivers/STM32L4xx_HAL_Driver/Src/stm32l4xx_hal_i2c.o
LOAD ./Drivers/STM32L4xx_HAL_Driver/Src/stm32l4xx_hal_i2c_ex.o
LOAD ./Drivers/STM32L4xx_HAL_Driver/Src/stm32l4xx_hal_pwr.o
LOAD ./Drivers/STM32L4xx_HAL_Driver/Src/stm32l4xx_hal_pwr_ex.o
LOAD ./Drivers/STM32L4xx_HAL_Driver/Src/stm32l4xx_hal_rcc.o
LOAD ./Drivers/STM32L4xx_HAL_Driver/Src/stm32l4xx_hal_rcc_ex.o
LOAD ./Drivers/STM32L4xx_HAL_Driver/Src/stm32l4xx_hal_tim.o
LOAD ./Drivers/STM32L4xx_HAL_Driver/Src/stm32l4xx_hal_tim_ex.o
LOAD ./Drivers/STM32L4xx_HAL_Driver/Src/stm32l4xx_hal_uart.o
LOAD ./Drivers/STM32L4xx_HAL_Driver/Src/stm32l4xx_hal_uart_ex.o
LOAD C:\Users\Labuser\STM32CubeIDE\workspace_1.8.0\SingleChannelDA\Lib\libarm_cortexM4lf_math.a
START GROUP
LOAD c:/st/stm32cubeide_1.8.0/stm32cubeide/plugins/com.st.stm32cube.ide.mcu.externaltools.gnu-tools-for-stm32.9-2020-q2-update.win32_2.0.0.202105311346/tools/bin/../lib/gcc/arm-none-eabi/9.3.1/../../../../arm-none-eabi/lib/thumb/v7e-m+fp/hard\libc_nano.a
LOAD c:/st/stm32cubeide_1.8.0/stm32cubeide/plugins/com.st.stm32cube.ide.mcu.externaltools.gnu-tools-for-stm32.9-2020-q2-update.win32_2.0.0.202105311346/tools/bin/../lib/gcc/arm-none-eabi/9.3.1/../../../../arm-none-eabi/lib/thumb/v7e-m+fp/hard\libm.a
END GROUP
START GROUP
LOAD c:/st/stm32cubeide_1.8.0/stm32cubeide/plugins/com.st.stm32cube.ide.mcu.externaltools.gnu-tools-for-stm32.9-2020-q2-update.win32_2.0.0.202105311346/tools/bin/../lib/gcc/arm-none-eabi/9.3.1/thumb/v7e-m+fp/hard\libgcc.a
LOAD c:/st/stm32cubeide_1.8.0/stm32cubeide/plugins/com.st.stm32cube.ide.mcu.externaltools.gnu-tools-for-stm32.9-2020-q2-update.win32_2.0.0.202105311346/tools/bin/../lib/gcc/arm-none-eabi/9.3.1/../../../../arm-none-eabi/lib/thumb/v7e-m+fp/hard\libc_nano.a
END GROUP
START GROUP
LOAD c:/st/stm32cubeide_1.8.0/stm32cubeide/plugins/com.st.stm32cube.ide.mcu.externaltools.gnu-tools-for-stm32.9-2020-q2-update.win32_2.0.0.202105311346/tools/bin/../lib/gcc/arm-none-eabi/9.3.1/thumb/v7e-m+fp/hard\libgcc.a
LOAD c:/st/stm32cubeide_1.8.0/stm32cubeide/plugins/com.st.stm32cube.ide.mcu.externaltools.gnu-tools-for-stm32.9-2020-q2-update.win32_2.0.0.202105311346/tools/bin/../lib/gcc/arm-none-eabi/9.3.1/../../../../arm-none-eabi/lib/thumb/v7e-m+fp/hard\libc_nano.a
LOAD c:/st/stm32cubeide_1.8.0/stm32cubeide/plugins/com.st.stm32cube.ide.mcu.externaltools.gnu-tools-for-stm32.9-2020-q2-update.win32_2.0.0.202105311346/tools/bin/../lib/gcc/arm-none-eabi/9.3.1/../../../../arm-none-eabi/lib/thumb/v7e-m+fp/hard\libnosys.a
END GROUP
START GROUP
LOAD c:/st/stm32cubeide_1.8.0/stm32cubeide/plugins/com.st.stm32cube.ide.mcu.externaltools.gnu-tools-for-stm32.9-2020-q2-update.win32_2.0.0.202105311346/tools/bin/../lib/gcc/arm-none-eabi/9.3.1/thumb/v7e-m+fp/hard\libgcc.a
LOAD c:/st/stm32cubeide_1.8.0/stm32cubeide/plugins/com.st.stm32cube.ide.mcu.externaltools.gnu-tools-for-stm32.9-2020-q2-update.win32_2.0.0.202105311346/tools/bin/../lib/gcc/arm-none-eabi/9.3.1/../../../../arm-none-eabi/lib/thumb/v7e-m+fp/hard\libc_nano.a
LOAD c:/st/stm32cubeide_1.8.0/stm32cubeide/plugins/com.st.stm32cube.ide.mcu.externaltools.gnu-tools-for-stm32.9-2020-q2-update.win32_2.0.0.202105311346/tools/bin/../lib/gcc/arm-none-eabi/9.3.1/../../../../arm-none-eabi/lib/thumb/v7e-m+fp/hard\libnosys.a
END GROUP
LOAD c:/st/stm32cubeide_1.8.0/stm32cubeide/plugins/com.st.stm32cube.ide.mcu.externaltools.gnu-tools-for-stm32.9-2020-q2-update.win32_2.0.0.202105311346/tools/bin/../lib/gcc/arm-none-eabi/9.3.1/thumb/v7e-m+fp/hard/crtend.o
LOAD c:/st/stm32cubeide_1.8.0/stm32cubeide/plugins/com.st.stm32cube.ide.mcu.externaltools.gnu-tools-for-stm32.9-2020-q2-update.win32_2.0.0.202105311346/tools/bin/../lib/gcc/arm-none-eabi/9.3.1/thumb/v7e-m+fp/hard/crtn.o
                0x0000000020018000                _estack = (ORIGIN (RAM) + LENGTH (RAM))
                0x0000000000000200                _Min_Heap_Size = 0x200
                0x0000000000000400                _Min_Stack_Size = 0x400

.isr_vector     0x0000000008000000      0x188
                0x0000000008000000                . = ALIGN (0x4)
 *(.isr_vector)
 .isr_vector    0x0000000008000000      0x188 ./Core/Startup/startup_stm32l476rgtx.o
                0x0000000008000000                g_pfnVectors
                0x0000000008000188                . = ALIGN (0x4)

.text           0x0000000008000190     0x7310
                0x0000000008000190                . = ALIGN (0x4)
 *(.text)
 .text          0x0000000008000190       0x40 c:/st/stm32cubeide_1.8.0/stm32cubeide/plugins/com.st.stm32cube.ide.mcu.externaltools.gnu-tools-for-stm32.9-2020-q2-update.win32_2.0.0.202105311346/tools/bin/../lib/gcc/arm-none-eabi/9.3.1/thumb/v7e-m+fp/hard/crtbegin.o
 .text          0x00000000080001d0       0xc0 C:\Users\Labuser\STM32CubeIDE\workspace_1.8.0\SingleChannelDA\Lib\libarm_cortexM4lf_math.a(arm_bitreversal2.o)
                0x00000000080001d0                arm_bitreversal_32
                0x000000000800023a                arm_bitreversal_16
 .text          0x0000000008000290       0x10 c:/st/stm32cubeide_1.8.0/stm32cubeide/plugins/com.st.stm32cube.ide.mcu.externaltools.gnu-tools-for-stm32.9-2020-q2-update.win32_2.0.0.202105311346/tools/bin/../lib/gcc/arm-none-eabi/9.3.1/../../../../arm-none-eabi/lib/thumb/v7e-m+fp/hard\libc_nano.a(lib_a-strlen.o)
                0x0000000008000290                strlen
 .text          0x00000000080002a0       0xa0 c:/st/stm32cubeide_1.8.0/stm32cubeide/plugins/com.st.stm32cube.ide.mcu.externaltools.gnu-tools-for-stm32.9-2020-q2-update.win32_2.0.0.202105311346/tools/bin/../lib/gcc/arm-none-eabi/9.3.1/../../../../arm-none-eabi/lib/thumb/v7e-m+fp/hard\libc_nano.a(lib_a-memchr.o)
                0x00000000080002a0                memchr
 .text          0x0000000008000340       0x30 c:/st/stm32cubeide_1.8.0/stm32cubeide/plugins/com.st.stm32cube.ide.mcu.externaltools.gnu-tools-for-stm32.9-2020-q2-update.win32_2.0.0.202105311346/tools/bin/../lib/gcc/arm-none-eabi/9.3.1/thumb/v7e-m+fp/hard\libgcc.a(_aeabi_uldivmod.o)
                0x0000000008000340                __aeabi_uldivmod
 .text          0x0000000008000370      0x2c4 c:/st/stm32cubeide_1.8.0/stm32cubeide/plugins/com.st.stm32cube.ide.mcu.externaltools.gnu-tools-for-stm32.9-2020-q2-update.win32_2.0.0.202105311346/tools/bin/../lib/gcc/arm-none-eabi/9.3.1/thumb/v7e-m+fp/hard\libgcc.a(_udivmoddi4.o)
                0x0000000008000370                __udivmoddi4
 .text          0x0000000008000634        0x4 c:/st/stm32cubeide_1.8.0/stm32cubeide/plugins/com.st.stm32cube.ide.mcu.externaltools.gnu-tools-for-stm32.9-2020-q2-update.win32_2.0.0.202105311346/tools/bin/../lib/gcc/arm-none-eabi/9.3.1/thumb/v7e-m+fp/hard\libgcc.a(_dvmd_tls.o)
                0x0000000008000634                __aeabi_idiv0
                0x0000000008000634                __aeabi_ldiv0
 *(.text*)
 .text.main     0x0000000008000638       0xd4 ./Core/Src/main.o
                0x0000000008000638                main
 .text.complexABS
                0x000000000800070c       0x38 ./Core/Src/main.o
                0x000000000800070c                complexABS
 .text.DoFFT    0x0000000008000744      0x294 ./Core/Src/main.o
                0x0000000008000744                DoFFT
 .text.SystemClock_Config
                0x00000000080009d8       0xc4 ./Core/Src/main.o
                0x00000000080009d8                SystemClock_Config
 .text.MX_ADC1_Init
                0x0000000008000a9c       0xec ./Core/Src/main.o
 .text.MX_USART2_UART_Init
                0x0000000008000b88       0x60 ./Core/Src/main.o
 .text.MX_DMA_Init
                0x0000000008000be8       0x4c ./Core/Src/main.o
 .text.MX_GPIO_Init
                0x0000000008000c34       0xcc ./Core/Src/main.o
 .text.HAL_ADC_ConvHalfCpltCallback
                0x0000000008000d00       0x20 ./Core/Src/main.o
                0x0000000008000d00                HAL_ADC_ConvHalfCpltCallback
 .text.HAL_ADC_ConvCpltCallback
                0x0000000008000d20       0x20 ./Core/Src/main.o
                0x0000000008000d20                HAL_ADC_ConvCpltCallback
 .text.Error_Handler
                0x0000000008000d40        0xa ./Core/Src/main.o
                0x0000000008000d40                Error_Handler
 *fill*         0x0000000008000d4a        0x2 
 .text.HAL_MspInit
                0x0000000008000d4c       0x48 ./Core/Src/stm32l4xx_hal_msp.o
                0x0000000008000d4c                HAL_MspInit
 .text.HAL_ADC_MspInit
                0x0000000008000d94      0x130 ./Core/Src/stm32l4xx_hal_msp.o
                0x0000000008000d94                HAL_ADC_MspInit
 .text.HAL_UART_MspInit
                0x0000000008000ec4      0x124 ./Core/Src/stm32l4xx_hal_msp.o
                0x0000000008000ec4                HAL_UART_MspInit
 .text.NMI_Handler
                0x0000000008000fe8        0x6 ./Core/Src/stm32l4xx_it.o
                0x0000000008000fe8                NMI_Handler
 .text.HardFault_Handler
                0x0000000008000fee        0x6 ./Core/Src/stm32l4xx_it.o
                0x0000000008000fee                HardFault_Handler
 .text.MemManage_Handler
                0x0000000008000ff4        0x6 ./Core/Src/stm32l4xx_it.o
                0x0000000008000ff4                MemManage_Handler
 .text.BusFault_Handler
                0x0000000008000ffa        0x6 ./Core/Src/stm32l4xx_it.o
                0x0000000008000ffa                BusFault_Handler
 .text.UsageFault_Handler
                0x0000000008001000        0x6 ./Core/Src/stm32l4xx_it.o
                0x0000000008001000                UsageFault_Handler
 .text.SVC_Handler
                0x0000000008001006        0xe ./Core/Src/stm32l4xx_it.o
                0x0000000008001006                SVC_Handler
 .text.DebugMon_Handler
                0x0000000008001014        0xe ./Core/Src/stm32l4xx_it.o
                0x0000000008001014                DebugMon_Handler
 .text.PendSV_Handler
                0x0000000008001022        0xe ./Core/Src/stm32l4xx_it.o
                0x0000000008001022                PendSV_Handler
 .text.SysTick_Handler
                0x0000000008001030        0xc ./Core/Src/stm32l4xx_it.o
                0x0000000008001030                SysTick_Handler
 .text.DMA1_Channel1_IRQHandler
                0x000000000800103c       0x14 ./Core/Src/stm32l4xx_it.o
                0x000000000800103c                DMA1_Channel1_IRQHandler
 .text.DMA1_Channel7_IRQHandler
                0x0000000008001050       0x14 ./Core/Src/stm32l4xx_it.o
                0x0000000008001050                DMA1_Channel7_IRQHandler
 .text.USART2_IRQHandler
                0x0000000008001064       0x14 ./Core/Src/stm32l4xx_it.o
                0x0000000008001064                USART2_IRQHandler
 .text._sbrk    0x0000000008001078       0x6c ./Core/Src/sysmem.o
                0x0000000008001078                _sbrk
 .text.SystemInit
                0x00000000080010e4       0x24 ./Core/Src/system_stm32l4xx.o
                0x00000000080010e4                SystemInit
 .text.Reset_Handler
                0x0000000008001108       0x50 ./Core/Startup/startup_stm32l476rgtx.o
                0x0000000008001108                Reset_Handler
 .text.Default_Handler
                0x0000000008001158        0x2 ./Core/Startup/startup_stm32l476rgtx.o
                0x0000000008001158                RTC_Alarm_IRQHandler
                0x0000000008001158                EXTI2_IRQHandler
                0x0000000008001158                TIM8_TRG_COM_IRQHandler
                0x0000000008001158                TIM8_CC_IRQHandler
                0x0000000008001158                TIM1_CC_IRQHandler
                0x0000000008001158                TSC_IRQHandler
                0x0000000008001158                TAMP_STAMP_IRQHandler
                0x0000000008001158                EXTI3_IRQHandler
                0x0000000008001158                LPTIM2_IRQHandler
                0x0000000008001158                DFSDM1_FLT1_IRQHandler
                0x0000000008001158                I2C3_ER_IRQHandler
                0x0000000008001158                DFSDM1_FLT2_IRQHandler
                0x0000000008001158                EXTI0_IRQHandler
                0x0000000008001158                I2C2_EV_IRQHandler
                0x0000000008001158                CAN1_RX0_IRQHandler
                0x0000000008001158                FPU_IRQHandler
                0x0000000008001158                TIM1_UP_TIM16_IRQHandler
                0x0000000008001158                ADC1_2_IRQHandler
                0x0000000008001158                SPI1_IRQHandler
                0x0000000008001158                TIM6_DAC_IRQHandler
                0x0000000008001158                TIM8_UP_IRQHandler
                0x0000000008001158                DMA2_Channel2_IRQHandler
                0x0000000008001158                DMA1_Channel4_IRQHandler
                0x0000000008001158                SAI2_IRQHandler
                0x0000000008001158                DFSDM1_FLT3_IRQHandler
                0x0000000008001158                USART3_IRQHandler
                0x0000000008001158                CAN1_RX1_IRQHandler
                0x0000000008001158                LCD_IRQHandler
                0x0000000008001158                UART5_IRQHandler
                0x0000000008001158                ADC3_IRQHandler
                0x0000000008001158                TIM4_IRQHandler
                0x0000000008001158                DMA2_Channel1_IRQHandler
                0x0000000008001158                QUADSPI_IRQHandler
                0x0000000008001158                I2C1_EV_IRQHandler
                0x0000000008001158                DMA1_Channel6_IRQHandler
                0x0000000008001158                UART4_IRQHandler
                0x0000000008001158                DMA2_Channel4_IRQHandler
                0x0000000008001158                TIM3_IRQHandler
                0x0000000008001158                RCC_IRQHandler
                0x0000000008001158                Default_Handler
                0x0000000008001158                DMA2_Channel7_IRQHandler
                0x0000000008001158                EXTI15_10_IRQHandler
                0x0000000008001158                TIM7_IRQHandler
                0x0000000008001158                SDMMC1_IRQHandler
                0x0000000008001158                TIM5_IRQHandler
                0x0000000008001158                I2C3_EV_IRQHandler
                0x0000000008001158                EXTI9_5_IRQHandler
                0x0000000008001158                RTC_WKUP_IRQHandler
                0x0000000008001158                PVD_PVM_IRQHandler
                0x0000000008001158                SPI2_IRQHandler
                0x0000000008001158                CAN1_TX_IRQHandler
                0x0000000008001158                DMA2_Channel5_IRQHandler
                0x0000000008001158                DMA1_Channel5_IRQHandler
                0x0000000008001158                EXTI4_IRQHandler
                0x0000000008001158                RNG_IRQHandler
                0x0000000008001158                TIM1_TRG_COM_TIM17_IRQHandler
                0x0000000008001158                DMA1_Channel3_IRQHandler
                0x0000000008001158                COMP_IRQHandler
                0x0000000008001158                WWDG_IRQHandler
                0x0000000008001158                LPUART1_IRQHandler
                0x0000000008001158                DMA2_Channel6_IRQHandler
                0x0000000008001158                TIM2_IRQHandler
                0x0000000008001158                EXTI1_IRQHandler
                0x0000000008001158                DFSDM1_FLT0_IRQHandler
                0x0000000008001158                I2C2_ER_IRQHandler
                0x0000000008001158                DMA1_Channel2_IRQHandler
                0x0000000008001158                TIM8_BRK_IRQHandler
                0x0000000008001158                CAN1_SCE_IRQHandler
                0x0000000008001158                FLASH_IRQHandler
                0x0000000008001158                USART1_IRQHandler
                0x0000000008001158                OTG_FS_IRQHandler
                0x0000000008001158                SPI3_IRQHandler
                0x0000000008001158                I2C1_ER_IRQHandler
                0x0000000008001158                FMC_IRQHandler
                0x0000000008001158                SWPMI1_IRQHandler
                0x0000000008001158                LPTIM1_IRQHandler
                0x0000000008001158                SAI1_IRQHandler
                0x0000000008001158                DMA2_Channel3_IRQHandler
                0x0000000008001158                TIM1_BRK_TIM15_IRQHandler
 *fill*         0x000000000800115a        0x2 
 .text.HAL_Init
                0x000000000800115c       0x40 ./Drivers/STM32L4xx_HAL_Driver/Src/stm32l4xx_hal.o
                0x000000000800115c                HAL_Init
 .text.HAL_InitTick
                0x000000000800119c       0x78 ./Drivers/STM32L4xx_HAL_Driver/Src/stm32l4xx_hal.o
                0x000000000800119c                HAL_InitTick
 .text.HAL_IncTick
                0x0000000008001214       0x28 ./Drivers/STM32L4xx_HAL_Driver/Src/stm32l4xx_hal.o
                0x0000000008001214                HAL_IncTick
 .text.HAL_GetTick
                0x000000000800123c       0x18 ./Drivers/STM32L4xx_HAL_Driver/Src/stm32l4xx_hal.o
                0x000000000800123c                HAL_GetTick
 .text.LL_ADC_SetCommonClock
                0x0000000008001254       0x26 ./Drivers/STM32L4xx_HAL_Driver/Src/stm32l4xx_hal_adc.o
 .text.LL_ADC_SetCommonPathInternalCh
                0x000000000800127a       0x26 ./Drivers/STM32L4xx_HAL_Driver/Src/stm32l4xx_hal_adc.o
 .text.LL_ADC_GetCommonPathInternalCh
                0x00000000080012a0       0x1c ./Drivers/STM32L4xx_HAL_Driver/Src/stm32l4xx_hal_adc.o
 .text.LL_ADC_SetOffset
                0x00000000080012bc       0x48 ./Drivers/STM32L4xx_HAL_Driver/Src/stm32l4xx_hal_adc.o
 .text.LL_ADC_GetOffsetChannel
                0x0000000008001304       0x2c ./Drivers/STM32L4xx_HAL_Driver/Src/stm32l4xx_hal_adc.o
 .text.LL_ADC_SetOffsetState
                0x0000000008001330       0x36 ./Drivers/STM32L4xx_HAL_Driver/Src/stm32l4xx_hal_adc.o
 .text.LL_ADC_REG_IsTriggerSourceSWStart
                0x0000000008001366       0x26 ./Drivers/STM32L4xx_HAL_Driver/Src/stm32l4xx_hal_adc.o
 .text.LL_ADC_REG_SetSequencerRanks
                0x000000000800138c       0x58 ./Drivers/STM32L4xx_HAL_Driver/Src/stm32l4xx_hal_adc.o
 .text.LL_ADC_SetChannelSamplingTime
                0x00000000080013e4       0x56 ./Drivers/STM32L4xx_HAL_Driver/Src/stm32l4xx_hal_adc.o
 *fill*         0x000000000800143a        0x2 
 .text.LL_ADC_SetChannelSingleDiff
                0x000000000800143c       0x48 ./Drivers/STM32L4xx_HAL_Driver/Src/stm32l4xx_hal_adc.o
 .text.LL_ADC_GetMultimode
                0x0000000008001484       0x1c ./Drivers/STM32L4xx_HAL_Driver/Src/stm32l4xx_hal_adc.o
 .text.LL_ADC_DisableDeepPowerDown
                0x00000000080014a0       0x24 ./Drivers/STM32L4xx_HAL_Driver/Src/stm32l4xx_hal_adc.o
 .text.LL_ADC_IsDeepPowerDownEnabled
                0x00000000080014c4       0x28 ./Drivers/STM32L4xx_HAL_Driver/Src/stm32l4xx_hal_adc.o
 .text.LL_ADC_EnableInternalRegulator
                0x00000000080014ec       0x28 ./Drivers/STM32L4xx_HAL_Driver/Src/stm32l4xx_hal_adc.o
 .text.LL_ADC_IsInternalRegulatorEnabled
                0x0000000008001514       0x28 ./Drivers/STM32L4xx_HAL_Driver/Src/stm32l4xx_hal_adc.o
 .text.LL_ADC_Enable
                0x000000000800153c       0x28 ./Drivers/STM32L4xx_HAL_Driver/Src/stm32l4xx_hal_adc.o
 .text.LL_ADC_IsEnabled
                0x0000000008001564       0x26 ./Drivers/STM32L4xx_HAL_Driver/Src/stm32l4xx_hal_adc.o
 .text.LL_ADC_REG_StartConversion
                0x000000000800158a       0x28 ./Drivers/STM32L4xx_HAL_Driver/Src/stm32l4xx_hal_adc.o
 .text.LL_ADC_REG_IsConversionOngoing
                0x00000000080015b2       0x26 ./Drivers/STM32L4xx_HAL_Driver/Src/stm32l4xx_hal_adc.o
 .text.LL_ADC_INJ_IsConversionOngoing
                0x00000000080015d8       0x26 ./Drivers/STM32L4xx_HAL_Driver/Src/stm32l4xx_hal_adc.o
 *fill*         0x00000000080015fe        0x2 
 .text.HAL_ADC_Init
                0x0000000008001600      0x2ac ./Drivers/STM32L4xx_HAL_Driver/Src/stm32l4xx_hal_adc.o
                0x0000000008001600                HAL_ADC_Init
 .text.HAL_ADC_Start_DMA
                0x00000000080018ac      0x178 ./Drivers/STM32L4xx_HAL_Driver/Src/stm32l4xx_hal_adc.o
                0x00000000080018ac                HAL_ADC_Start_DMA
 .text.HAL_ADC_ErrorCallback
                0x0000000008001a24       0x14 ./Drivers/STM32L4xx_HAL_Driver/Src/stm32l4xx_hal_adc.o
                0x0000000008001a24                HAL_ADC_ErrorCallback
 .text.HAL_ADC_ConfigChannel
                0x0000000008001a38      0x7e0 ./Drivers/STM32L4xx_HAL_Driver/Src/stm32l4xx_hal_adc.o
                0x0000000008001a38                HAL_ADC_ConfigChannel
 .text.ADC_Enable
                0x0000000008002218      0x10c ./Drivers/STM32L4xx_HAL_Driver/Src/stm32l4xx_hal_adc.o
                0x0000000008002218                ADC_Enable
 .text.ADC_DMAConvCplt
                0x0000000008002324       0xd8 ./Drivers/STM32L4xx_HAL_Driver/Src/stm32l4xx_hal_adc.o
                0x0000000008002324                ADC_DMAConvCplt
 .text.ADC_DMAHalfConvCplt
                0x00000000080023fc       0x1c ./Drivers/STM32L4xx_HAL_Driver/Src/stm32l4xx_hal_adc.o
                0x00000000080023fc                ADC_DMAHalfConvCplt
 .text.ADC_DMAError
                0x0000000008002418       0x34 ./Drivers/STM32L4xx_HAL_Driver/Src/stm32l4xx_hal_adc.o
                0x0000000008002418                ADC_DMAError
 .text.LL_ADC_IsEnabled
                0x000000000800244c       0x26 ./Drivers/STM32L4xx_HAL_Driver/Src/stm32l4xx_hal_adc_ex.o
 .text.LL_ADC_REG_IsConversionOngoing
                0x0000000008002472       0x26 ./Drivers/STM32L4xx_HAL_Driver/Src/stm32l4xx_hal_adc_ex.o
 .text.HAL_ADCEx_MultiModeConfigChannel
                0x0000000008002498      0x160 ./Drivers/STM32L4xx_HAL_Driver/Src/stm32l4xx_hal_adc_ex.o
                0x0000000008002498                HAL_ADCEx_MultiModeConfigChannel
 .text.__NVIC_SetPriorityGrouping
                0x00000000080025f8       0x48 ./Drivers/STM32L4xx_HAL_Driver/Src/stm32l4xx_hal_cortex.o
 .text.__NVIC_GetPriorityGrouping
                0x0000000008002640       0x1c ./Drivers/STM32L4xx_HAL_Driver/Src/stm32l4xx_hal_cortex.o
 .text.__NVIC_EnableIRQ
                0x000000000800265c       0x3c ./Drivers/STM32L4xx_HAL_Driver/Src/stm32l4xx_hal_cortex.o
 .text.__NVIC_SetPriority
                0x0000000008002698       0x54 ./Drivers/STM32L4xx_HAL_Driver/Src/stm32l4xx_hal_cortex.o
 .text.NVIC_EncodePriority
                0x00000000080026ec       0x66 ./Drivers/STM32L4xx_HAL_Driver/Src/stm32l4xx_hal_cortex.o
 *fill*         0x0000000008002752        0x2 
 .text.SysTick_Config
                0x0000000008002754       0x44 ./Drivers/STM32L4xx_HAL_Driver/Src/stm32l4xx_hal_cortex.o
 .text.HAL_NVIC_SetPriorityGrouping
                0x0000000008002798       0x16 ./Drivers/STM32L4xx_HAL_Driver/Src/stm32l4xx_hal_cortex.o
                0x0000000008002798                HAL_NVIC_SetPriorityGrouping
 .text.HAL_NVIC_SetPriority
                0x00000000080027ae       0x38 ./Drivers/STM32L4xx_HAL_Driver/Src/stm32l4xx_hal_cortex.o
                0x00000000080027ae                HAL_NVIC_SetPriority
 .text.HAL_NVIC_EnableIRQ
                0x00000000080027e6       0x1c ./Drivers/STM32L4xx_HAL_Driver/Src/stm32l4xx_hal_cortex.o
                0x00000000080027e6                HAL_NVIC_EnableIRQ
 .text.HAL_SYSTICK_Config
                0x0000000008002802       0x18 ./Drivers/STM32L4xx_HAL_Driver/Src/stm32l4xx_hal_cortex.o
                0x0000000008002802                HAL_SYSTICK_Config
 *fill*         0x000000000800281a        0x2 
 .text.HAL_DMA_Init
                0x000000000800281c      0x170 ./Drivers/STM32L4xx_HAL_Driver/Src/stm32l4xx_hal_dma.o
                0x000000000800281c                HAL_DMA_Init
 .text.HAL_DMA_Start_IT
                0x000000000800298c       0xc0 ./Drivers/STM32L4xx_HAL_Driver/Src/stm32l4xx_hal_dma.o
                0x000000000800298c                HAL_DMA_Start_IT
 .text.HAL_DMA_Abort
                0x0000000008002a4c       0x7c ./Drivers/STM32L4xx_HAL_Driver/Src/stm32l4xx_hal_dma.o
                0x0000000008002a4c                HAL_DMA_Abort
 .text.HAL_DMA_Abort_IT
                0x0000000008002ac8       0x82 ./Drivers/STM32L4xx_HAL_Driver/Src/stm32l4xx_hal_dma.o
                0x0000000008002ac8                HAL_DMA_Abort_IT
 .text.HAL_DMA_IRQHandler
                0x0000000008002b4a      0x15e ./Drivers/STM32L4xx_HAL_Driver/Src/stm32l4xx_hal_dma.o
                0x0000000008002b4a                HAL_DMA_IRQHandler
 .text.DMA_SetConfig
                0x0000000008002ca8       0x60 ./Drivers/STM32L4xx_HAL_Driver/Src/stm32l4xx_hal_dma.o
 .text.HAL_GPIO_Init
                0x0000000008002d08      0x354 ./Drivers/STM32L4xx_HAL_Driver/Src/stm32l4xx_hal_gpio.o
                0x0000000008002d08                HAL_GPIO_Init
 .text.HAL_GPIO_WritePin
                0x000000000800305c       0x30 ./Drivers/STM32L4xx_HAL_Driver/Src/stm32l4xx_hal_gpio.o
                0x000000000800305c                HAL_GPIO_WritePin
 .text.HAL_PWR_EnableBkUpAccess
                0x000000000800308c       0x20 ./Drivers/STM32L4xx_HAL_Driver/Src/stm32l4xx_hal_pwr.o
                0x000000000800308c                HAL_PWR_EnableBkUpAccess
 .text.HAL_PWREx_GetVoltageRange
                0x00000000080030ac       0x1c ./Drivers/STM32L4xx_HAL_Driver/Src/stm32l4xx_hal_pwr_ex.o
                0x00000000080030ac                HAL_PWREx_GetVoltageRange
 .text.HAL_PWREx_ControlVoltageScaling
                0x00000000080030c8       0xac ./Drivers/STM32L4xx_HAL_Driver/Src/stm32l4xx_hal_pwr_ex.o
                0x00000000080030c8                HAL_PWREx_ControlVoltageScaling
 .text.HAL_RCC_OscConfig
                0x0000000008003174      0x7b4 ./Drivers/STM32L4xx_HAL_Driver/Src/stm32l4xx_hal_rcc.o
                0x0000000008003174                HAL_RCC_OscConfig
 .text.HAL_RCC_ClockConfig
                0x0000000008003928      0x200 ./Drivers/STM32L4xx_HAL_Driver/Src/stm32l4xx_hal_rcc.o
                0x0000000008003928                HAL_RCC_ClockConfig
 .text.HAL_RCC_GetSysClockFreq
                0x0000000008003b28      0x118 ./Drivers/STM32L4xx_HAL_Driver/Src/stm32l4xx_hal_rcc.o
                0x0000000008003b28                HAL_RCC_GetSysClockFreq
 .text.HAL_RCC_GetHCLKFreq
                0x0000000008003c40       0x18 ./Drivers/STM32L4xx_HAL_Driver/Src/stm32l4xx_hal_rcc.o
                0x0000000008003c40                HAL_RCC_GetHCLKFreq
 .text.HAL_RCC_GetPCLK1Freq
                0x0000000008003c58       0x2c ./Drivers/STM32L4xx_HAL_Driver/Src/stm32l4xx_hal_rcc.o
                0x0000000008003c58                HAL_RCC_GetPCLK1Freq
 .text.HAL_RCC_GetPCLK2Freq
                0x0000000008003c84       0x2c ./Drivers/STM32L4xx_HAL_Driver/Src/stm32l4xx_hal_rcc.o
                0x0000000008003c84                HAL_RCC_GetPCLK2Freq
 .text.RCC_SetFlashLatencyFromMSIRange
                0x0000000008003cb0       0xc0 ./Drivers/STM32L4xx_HAL_Driver/Src/stm32l4xx_hal_rcc.o
 .text.HAL_RCCEx_PeriphCLKConfig
                0x0000000008003d70      0x5d4 ./Drivers/STM32L4xx_HAL_Driver/Src/stm32l4xx_hal_rcc_ex.o
                0x0000000008003d70                HAL_RCCEx_PeriphCLKConfig
 .text.HAL_RCCEx_EnableMSIPLLMode
                0x0000000008004344       0x20 ./Drivers/STM32L4xx_HAL_Driver/Src/stm32l4xx_hal_rcc_ex.o
                0x0000000008004344                HAL_RCCEx_EnableMSIPLLMode
 .text.RCCEx_PLLSAI1_Config
                0x0000000008004364      0x1e8 ./Drivers/STM32L4xx_HAL_Driver/Src/stm32l4xx_hal_rcc_ex.o
 .text.RCCEx_PLLSAI2_Config
                0x000000000800454c      0x1bc ./Drivers/STM32L4xx_HAL_Driver/Src/stm32l4xx_hal_rcc_ex.o
 .text.HAL_UART_Init
                0x0000000008004708       0x9c ./Drivers/STM32L4xx_HAL_Driver/Src/stm32l4xx_hal_uart.o
                0x0000000008004708                HAL_UART_Init
 .text.HAL_UART_Transmit
                0x00000000080047a4      0x128 ./Drivers/STM32L4xx_HAL_Driver/Src/stm32l4xx_hal_uart.o
                0x00000000080047a4                HAL_UART_Transmit
 .text.HAL_UART_IRQHandler
                0x00000000080048cc      0x5c4 ./Drivers/STM32L4xx_HAL_Driver/Src/stm32l4xx_hal_uart.o
                0x00000000080048cc                HAL_UART_IRQHandler
 .text.HAL_UART_TxCpltCallback
                0x0000000008004e90       0x14 ./Drivers/STM32L4xx_HAL_Driver/Src/stm32l4xx_hal_uart.o
                0x0000000008004e90                HAL_UART_TxCpltCallback
 .text.HAL_UART_ErrorCallback
                0x0000000008004ea4       0x14 ./Drivers/STM32L4xx_HAL_Driver/Src/stm32l4xx_hal_uart.o
                0x0000000008004ea4                HAL_UART_ErrorCallback
 .text.HAL_UARTEx_RxEventCallback
                0x0000000008004eb8       0x18 ./Drivers/STM32L4xx_HAL_Driver/Src/stm32l4xx_hal_uart.o
                0x0000000008004eb8                HAL_UARTEx_RxEventCallback
 .text.UART_SetConfig
                0x0000000008004ed0      0x514 ./Drivers/STM32L4xx_HAL_Driver/Src/stm32l4xx_hal_uart.o
                0x0000000008004ed0                UART_SetConfig
 .text.UART_AdvFeatureConfig
                0x00000000080053e4      0x144 ./Drivers/STM32L4xx_HAL_Driver/Src/stm32l4xx_hal_uart.o
                0x00000000080053e4                UART_AdvFeatureConfig
 .text.UART_CheckIdleState
                0x0000000008005528       0x92 ./Drivers/STM32L4xx_HAL_Driver/Src/stm32l4xx_hal_uart.o
                0x0000000008005528                UART_CheckIdleState
 .text.UART_WaitOnFlagUntilTimeout
                0x00000000080055ba      0x188 ./Drivers/STM32L4xx_HAL_Driver/Src/stm32l4xx_hal_uart.o
                0x00000000080055ba                UART_WaitOnFlagUntilTimeout
 .text.UART_EndRxTransfer
                0x0000000008005742       0xc6 ./Drivers/STM32L4xx_HAL_Driver/Src/stm32l4xx_hal_uart.o
 .text.UART_DMAAbortOnError
                0x0000000008005808       0x2c ./Drivers/STM32L4xx_HAL_Driver/Src/stm32l4xx_hal_uart.o
 .text.UART_EndTransmit_IT
                0x0000000008005834       0x54 ./Drivers/STM32L4xx_HAL_Driver/Src/stm32l4xx_hal_uart.o
 .text.HAL_UARTEx_WakeupCallback
                0x0000000008005888       0x14 ./Drivers/STM32L4xx_HAL_Driver/Src/stm32l4xx_hal_uart_ex.o
                0x0000000008005888                HAL_UARTEx_WakeupCallback
 .text.arm_rfft_fast_init_f32
                0x000000000800589c      0x108 C:\Users\Labuser\STM32CubeIDE\workspace_1.8.0\SingleChannelDA\Lib\libarm_cortexM4lf_math.a(arm_rfft_fast_init_f32.o)
                0x000000000800589c                arm_rfft_fast_init_f32
 .text.arm_rfft_fast_f32
                0x00000000080059a4      0x188 C:\Users\Labuser\STM32CubeIDE\workspace_1.8.0\SingleChannelDA\Lib\libarm_cortexM4lf_math.a(arm_rfft_fast_f32.o)
                0x00000000080059a4                arm_rfft_fast_f32
 .text.arm_cfft_radix8by2_f32
                0x0000000008005b2c      0x1a4 C:\Users\Labuser\STM32CubeIDE\workspace_1.8.0\SingleChannelDA\Lib\libarm_cortexM4lf_math.a(arm_cfft_f32.o)
                0x0000000008005b2c                arm_cfft_radix8by2_f32
 .text.arm_cfft_radix8by4_f32
                0x0000000008005cd0      0x4bc C:\Users\Labuser\STM32CubeIDE\workspace_1.8.0\SingleChannelDA\Lib\libarm_cortexM4lf_math.a(arm_cfft_f32.o)
                0x0000000008005cd0                arm_cfft_radix8by4_f32
 .text.arm_cfft_f32
                0x000000000800618c       0xf4 C:\Users\Labuser\STM32CubeIDE\workspace_1.8.0\SingleChannelDA\Lib\libarm_cortexM4lf_math.a(arm_cfft_f32.o)
                0x000000000800618c                arm_cfft_f32
 .text.arm_radix8_butterfly_f32
                0x0000000008006280      0x5c4 C:\Users\Labuser\STM32CubeIDE\workspace_1.8.0\SingleChannelDA\Lib\libarm_cortexM4lf_math.a(arm_cfft_radix8_f32.o)
                0x0000000008006280                arm_radix8_butterfly_f32
 .text.__errno  0x0000000008006844        0xc c:/st/stm32cubeide_1.8.0/stm32cubeide/plugins/com.st.stm32cube.ide.mcu.externaltools.gnu-tools-for-stm32.9-2020-q2-update.win32_2.0.0.202105311346/tools/bin/../lib/gcc/arm-none-eabi/9.3.1/../../../../arm-none-eabi/lib/thumb/v7e-m+fp/hard\libc_nano.a(lib_a-errno.o)
                0x0000000008006844                __errno
 .text.__libc_init_array
                0x0000000008006850       0x48 c:/st/stm32cubeide_1.8.0/stm32cubeide/plugins/com.st.stm32cube.ide.mcu.externaltools.gnu-tools-for-stm32.9-2020-q2-update.win32_2.0.0.202105311346/tools/bin/../lib/gcc/arm-none-eabi/9.3.1/../../../../arm-none-eabi/lib/thumb/v7e-m+fp/hard\libc_nano.a(lib_a-init.o)
                0x0000000008006850                __libc_init_array
 .text.memset   0x0000000008006898       0x10 c:/st/stm32cubeide_1.8.0/stm32cubeide/plugins/com.st.stm32cube.ide.mcu.externaltools.gnu-tools-for-stm32.9-2020-q2-update.win32_2.0.0.202105311346/tools/bin/../lib/gcc/arm-none-eabi/9.3.1/../../../../arm-none-eabi/lib/thumb/v7e-m+fp/hard\libc_nano.a(lib_a-memset.o)
                0x0000000008006898                memset
 .text.snprintf
                0x00000000080068a8       0x68 c:/st/stm32cubeide_1.8.0/stm32cubeide/plugins/com.st.stm32cube.ide.mcu.externaltools.gnu-tools-for-stm32.9-2020-q2-update.win32_2.0.0.202105311346/tools/bin/../lib/gcc/arm-none-eabi/9.3.1/../../../../arm-none-eabi/lib/thumb/v7e-m+fp/hard\libc_nano.a(lib_a-snprintf.o)
                0x00000000080068a8                sniprintf
                0x00000000080068a8                snprintf
 .text.__ssputs_r
                0x0000000008006910       0xb6 c:/st/stm32cubeide_1.8.0/stm32cubeide/plugins/com.st.stm32cube.ide.mcu.externaltools.gnu-tools-for-stm32.9-2020-q2-update.win32_2.0.0.202105311346/tools/bin/../lib/gcc/arm-none-eabi/9.3.1/../../../../arm-none-eabi/lib/thumb/v7e-m+fp/hard\libc_nano.a(lib_a-nano-svfprintf.o)
                0x0000000008006910                __ssputs_r
 *fill*         0x00000000080069c6        0x2 
 .text._svfprintf_r
                0x00000000080069c8      0x200 c:/st/stm32cubeide_1.8.0/stm32cubeide/plugins/com.st.stm32cube.ide.mcu.externaltools.gnu-tools-for-stm32.9-2020-q2-update.win32_2.0.0.202105311346/tools/bin/../lib/gcc/arm-none-eabi/9.3.1/../../../../arm-none-eabi/lib/thumb/v7e-m+fp/hard\libc_nano.a(lib_a-nano-svfprintf.o)
                0x00000000080069c8                _svfiprintf_r
                0x00000000080069c8                _svfprintf_r
 .text._printf_common
                0x0000000008006bc8       0xda c:/st/stm32cubeide_1.8.0/stm32cubeide/plugins/com.st.stm32cube.ide.mcu.externaltools.gnu-tools-for-stm32.9-2020-q2-update.win32_2.0.0.202105311346/tools/bin/../lib/gcc/arm-none-eabi/9.3.1/../../../../arm-none-eabi/lib/thumb/v7e-m+fp/hard\libc_nano.a(lib_a-nano-vfprintf_i.o)
                0x0000000008006bc8                _printf_common
 *fill*         0x0000000008006ca2        0x2 
 .text._printf_i
                0x0000000008006ca4      0x24c c:/st/stm32cubeide_1.8.0/stm32cubeide/plugins/com.st.stm32cube.ide.mcu.externaltools.gnu-tools-for-stm32.9-2020-q2-update.win32_2.0.0.202105311346/tools/bin/../lib/gcc/arm-none-eabi/9.3.1/../../../../arm-none-eabi/lib/thumb/v7e-m+fp/hard\libc_nano.a(lib_a-nano-vfprintf_i.o)
                0x0000000008006ca4                _printf_i
 .text.memcpy   0x0000000008006ef0       0x1c c:/st/stm32cubeide_1.8.0/stm32cubeide/plugins/com.st.stm32cube.ide.mcu.externaltools.gnu-tools-for-stm32.9-2020-q2-update.win32_2.0.0.202105311346/tools/bin/../lib/gcc/arm-none-eabi/9.3.1/../../../../arm-none-eabi/lib/thumb/v7e-m+fp/hard\libc_nano.a(lib_a-memcpy-stub.o)
                0x0000000008006ef0                memcpy
 .text.memmove  0x0000000008006f0c       0x34 c:/st/stm32cubeide_1.8.0/stm32cubeide/plugins/com.st.stm32cube.ide.mcu.externaltools.gnu-tools-for-stm32.9-2020-q2-update.win32_2.0.0.202105311346/tools/bin/../lib/gcc/arm-none-eabi/9.3.1/../../../../arm-none-eabi/lib/thumb/v7e-m+fp/hard\libc_nano.a(lib_a-memmove.o)
                0x0000000008006f0c                memmove
 .text._free_r  0x0000000008006f40       0xa0 c:/st/stm32cubeide_1.8.0/stm32cubeide/plugins/com.st.stm32cube.ide.mcu.externaltools.gnu-tools-for-stm32.9-2020-q2-update.win32_2.0.0.202105311346/tools/bin/../lib/gcc/arm-none-eabi/9.3.1/../../../../arm-none-eabi/lib/thumb/v7e-m+fp/hard\libc_nano.a(lib_a-nano-freer.o)
                0x0000000008006f40                _free_r
 .text._malloc_r
                0x0000000008006fe0       0xb4 c:/st/stm32cubeide_1.8.0/stm32cubeide/plugins/com.st.stm32cube.ide.mcu.externaltools.gnu-tools-for-stm32.9-2020-q2-update.win32_2.0.0.202105311346/tools/bin/../lib/gcc/arm-none-eabi/9.3.1/../../../../arm-none-eabi/lib/thumb/v7e-m+fp/hard\libc_nano.a(lib_a-nano-mallocr.o)
                0x0000000008006fe0                _malloc_r
 .text._realloc_r
                0x0000000008007094       0x4c c:/st/stm32cubeide_1.8.0/stm32cubeide/plugins/com.st.stm32cube.ide.mcu.externaltools.gnu-tools-for-stm32.9-2020-q2-update.win32_2.0.0.202105311346/tools/bin/../lib/gcc/arm-none-eabi/9.3.1/../../../../arm-none-eabi/lib/thumb/v7e-m+fp/hard\libc_nano.a(lib_a-nano-reallocr.o)
                0x0000000008007094                _realloc_r
 .text._sbrk_r  0x00000000080070e0       0x20 c:/st/stm32cubeide_1.8.0/stm32cubeide/plugins/com.st.stm32cube.ide.mcu.externaltools.gnu-tools-for-stm32.9-2020-q2-update.win32_2.0.0.202105311346/tools/bin/../lib/gcc/arm-none-eabi/9.3.1/../../../../arm-none-eabi/lib/thumb/v7e-m+fp/hard\libc_nano.a(lib_a-sbrkr.o)
                0x00000000080070e0                _sbrk_r
 .text.__malloc_lock
                0x0000000008007100        0xc c:/st/stm32cubeide_1.8.0/stm32cubeide/plugins/com.st.stm32cube.ide.mcu.externaltools.gnu-tools-for-stm32.9-2020-q2-update.win32_2.0.0.202105311346/tools/bin/../lib/gcc/arm-none-eabi/9.3.1/../../../../arm-none-eabi/lib/thumb/v7e-m+fp/hard\libc_nano.a(lib_a-mlock.o)
                0x0000000008007100                __malloc_lock
 .text.__malloc_unlock
                0x000000000800710c        0xc c:/st/stm32cubeide_1.8.0/stm32cubeide/plugins/com.st.stm32cube.ide.mcu.externaltools.gnu-tools-for-stm32.9-2020-q2-update.win32_2.0.0.202105311346/tools/bin/../lib/gcc/arm-none-eabi/9.3.1/../../../../arm-none-eabi/lib/thumb/v7e-m+fp/hard\libc_nano.a(lib_a-mlock.o)
                0x000000000800710c                __malloc_unlock
 .text._malloc_usable_size_r
                0x0000000008007118       0x10 c:/st/stm32cubeide_1.8.0/stm32cubeide/plugins/com.st.stm32cube.ide.mcu.externaltools.gnu-tools-for-stm32.9-2020-q2-update.win32_2.0.0.202105311346/tools/bin/../lib/gcc/arm-none-eabi/9.3.1/../../../../arm-none-eabi/lib/thumb/v7e-m+fp/hard\libc_nano.a(lib_a-nano-msizer.o)
                0x0000000008007118                _malloc_usable_size_r
 .text.__retarget_lock_acquire_recursive
                0x0000000008007128        0x2 c:/st/stm32cubeide_1.8.0/stm32cubeide/plugins/com.st.stm32cube.ide.mcu.externaltools.gnu-tools-for-stm32.9-2020-q2-update.win32_2.0.0.202105311346/tools/bin/../lib/gcc/arm-none-eabi/9.3.1/../../../../arm-none-eabi/lib/thumb/v7e-m+fp/hard\libc_nano.a(lib_a-lock.o)
                0x0000000008007128                __retarget_lock_acquire_recursive
 .text.__retarget_lock_release_recursive
                0x000000000800712a        0x2 c:/st/stm32cubeide_1.8.0/stm32cubeide/plugins/com.st.stm32cube.ide.mcu.externaltools.gnu-tools-for-stm32.9-2020-q2-update.win32_2.0.0.202105311346/tools/bin/../lib/gcc/arm-none-eabi/9.3.1/../../../../arm-none-eabi/lib/thumb/v7e-m+fp/hard\libc_nano.a(lib_a-lock.o)
                0x000000000800712a                __retarget_lock_release_recursive
 .text.log10f   0x000000000800712c       0x6c c:/st/stm32cubeide_1.8.0/stm32cubeide/plugins/com.st.stm32cube.ide.mcu.externaltools.gnu-tools-for-stm32.9-2020-q2-update.win32_2.0.0.202105311346/tools/bin/../lib/gcc/arm-none-eabi/9.3.1/../../../../arm-none-eabi/lib/thumb/v7e-m+fp/hard\libm.a(lib_a-wf_log10.o)
                0x000000000800712c                log10f
 .text.sqrtf    0x0000000008007198       0x4c c:/st/stm32cubeide_1.8.0/stm32cubeide/plugins/com.st.stm32cube.ide.mcu.externaltools.gnu-tools-for-stm32.9-2020-q2-update.win32_2.0.0.202105311346/tools/bin/../lib/gcc/arm-none-eabi/9.3.1/../../../../arm-none-eabi/lib/thumb/v7e-m+fp/hard\libm.a(lib_a-wf_sqrt.o)
                0x0000000008007198                sqrtf
 .text.__ieee754_log10f
                0x00000000080071e4       0xb0 c:/st/stm32cubeide_1.8.0/stm32cubeide/plugins/com.st.stm32cube.ide.mcu.externaltools.gnu-tools-for-stm32.9-2020-q2-update.win32_2.0.0.202105311346/tools/bin/../lib/gcc/arm-none-eabi/9.3.1/../../../../arm-none-eabi/lib/thumb/v7e-m+fp/hard\libm.a(lib_a-ef_log10.o)
                0x00000000080071e4                __ieee754_log10f
 .text.__ieee754_sqrtf
                0x0000000008007294        0x6 c:/st/stm32cubeide_1.8.0/stm32cubeide/plugins/com.st.stm32cube.ide.mcu.externaltools.gnu-tools-for-stm32.9-2020-q2-update.win32_2.0.0.202105311346/tools/bin/../lib/gcc/arm-none-eabi/9.3.1/../../../../arm-none-eabi/lib/thumb/v7e-m+fp/hard\libm.a(lib_a-ef_sqrt.o)
                0x0000000008007294                __ieee754_sqrtf
 *fill*         0x000000000800729a        0x2 
 .text.nanf     0x000000000800729c        0xc c:/st/stm32cubeide_1.8.0/stm32cubeide/plugins/com.st.stm32cube.ide.mcu.externaltools.gnu-tools-for-stm32.9-2020-q2-update.win32_2.0.0.202105311346/tools/bin/../lib/gcc/arm-none-eabi/9.3.1/../../../../arm-none-eabi/lib/thumb/v7e-m+fp/hard\libm.a(lib_a-sf_nan.o)
                0x000000000800729c                nanf
 .text.__ieee754_logf
                0x00000000080072a8      0x1e0 c:/st/stm32cubeide_1.8.0/stm32cubeide/plugins/com.st.stm32cube.ide.mcu.externaltools.gnu-tools-for-stm32.9-2020-q2-update.win32_2.0.0.202105311346/tools/bin/../lib/gcc/arm-none-eabi/9.3.1/../../../../arm-none-eabi/lib/thumb/v7e-m+fp/hard\libm.a(lib_a-ef_log.o)
                0x00000000080072a8                __ieee754_logf
 *(.glue_7)
 .glue_7        0x0000000008007488        0x0 linker stubs
 *(.glue_7t)
 .glue_7t       0x0000000008007488        0x0 linker stubs
 *(.eh_frame)
 .eh_frame      0x0000000008007488        0x0 c:/st/stm32cubeide_1.8.0/stm32cubeide/plugins/com.st.stm32cube.ide.mcu.externaltools.gnu-tools-for-stm32.9-2020-q2-update.win32_2.0.0.202105311346/tools/bin/../lib/gcc/arm-none-eabi/9.3.1/thumb/v7e-m+fp/hard/crtbegin.o
 *(.init)
 .init          0x0000000008007488        0x4 c:/st/stm32cubeide_1.8.0/stm32cubeide/plugins/com.st.stm32cube.ide.mcu.externaltools.gnu-tools-for-stm32.9-2020-q2-update.win32_2.0.0.202105311346/tools/bin/../lib/gcc/arm-none-eabi/9.3.1/thumb/v7e-m+fp/hard/crti.o
                0x0000000008007488                _init
 .init          0x000000000800748c        0x8 c:/st/stm32cubeide_1.8.0/stm32cubeide/plugins/com.st.stm32cube.ide.mcu.externaltools.gnu-tools-for-stm32.9-2020-q2-update.win32_2.0.0.202105311346/tools/bin/../lib/gcc/arm-none-eabi/9.3.1/thumb/v7e-m+fp/hard/crtn.o
 *(.fini)
 .fini          0x0000000008007494        0x4 c:/st/stm32cubeide_1.8.0/stm32cubeide/plugins/com.st.stm32cube.ide.mcu.externaltools.gnu-tools-for-stm32.9-2020-q2-update.win32_2.0.0.202105311346/tools/bin/../lib/gcc/arm-none-eabi/9.3.1/thumb/v7e-m+fp/hard/crti.o
                0x0000000008007494                _fini
 .fini          0x0000000008007498        0x8 c:/st/stm32cubeide_1.8.0/stm32cubeide/plugins/com.st.stm32cube.ide.mcu.externaltools.gnu-tools-for-stm32.9-2020-q2-update.win32_2.0.0.202105311346/tools/bin/../lib/gcc/arm-none-eabi/9.3.1/thumb/v7e-m+fp/hard/crtn.o
                0x00000000080074a0                . = ALIGN (0x4)
                0x00000000080074a0                _etext = .

.vfp11_veneer   0x00000000080074a0        0x0
 .vfp11_veneer  0x00000000080074a0        0x0 linker stubs

.v4_bx          0x00000000080074a0        0x0
 .v4_bx         0x00000000080074a0        0x0 linker stubs

.iplt           0x00000000080074a0        0x0
 .iplt          0x00000000080074a0        0x0 c:/st/stm32cubeide_1.8.0/stm32cubeide/plugins/com.st.stm32cube.ide.mcu.externaltools.gnu-tools-for-stm32.9-2020-q2-update.win32_2.0.0.202105311346/tools/bin/../lib/gcc/arm-none-eabi/9.3.1/thumb/v7e-m+fp/hard/crtbegin.o

.rodata         0x00000000080074a0    0x134dc
                0x00000000080074a0                . = ALIGN (0x4)
 *(.rodata)
 .rodata        0x00000000080074a0        0x5 ./Core/Src/main.o
 *(.rodata*)
 *fill*         0x00000000080074a5        0x3 
 .rodata.AHBPrescTable
                0x00000000080074a8       0x10 ./Core/Src/system_stm32l4xx.o
                0x00000000080074a8                AHBPrescTable
 .rodata.APBPrescTable
                0x00000000080074b8        0x8 ./Core/Src/system_stm32l4xx.o
                0x00000000080074b8                APBPrescTable
 .rodata.MSIRangeTable
                0x00000000080074c0       0x30 ./Core/Src/system_stm32l4xx.o
                0x00000000080074c0                MSIRangeTable
 .rodata.twiddleCoef_2048
                0x00000000080074f0     0x4000 C:\Users\Labuser\STM32CubeIDE\workspace_1.8.0\SingleChannelDA\Lib\libarm_cortexM4lf_math.a(arm_common_tables.o)
                0x00000000080074f0                twiddleCoef_2048
 .rodata.twiddleCoef_rfft_64
                0x000000000800b4f0      0x100 C:\Users\Labuser\STM32CubeIDE\workspace_1.8.0\SingleChannelDA\Lib\libarm_cortexM4lf_math.a(arm_common_tables.o)
                0x000000000800b4f0                twiddleCoef_rfft_64
 .rodata.armBitRevIndexTable64
                0x000000000800b5f0       0x70 C:\Users\Labuser\STM32CubeIDE\workspace_1.8.0\SingleChannelDA\Lib\libarm_cortexM4lf_math.a(arm_common_tables.o)
                0x000000000800b5f0                armBitRevIndexTable64
 .rodata.twiddleCoef_rfft_2048
                0x000000000800b660     0x2000 C:\Users\Labuser\STM32CubeIDE\workspace_1.8.0\SingleChannelDA\Lib\libarm_cortexM4lf_math.a(arm_common_tables.o)
                0x000000000800b660                twiddleCoef_rfft_2048
 .rodata.twiddleCoef_rfft_4096
                0x000000000800d660     0x4000 C:\Users\Labuser\STM32CubeIDE\workspace_1.8.0\SingleChannelDA\Lib\libarm_cortexM4lf_math.a(arm_common_tables.o)
                0x000000000800d660                twiddleCoef_rfft_4096
 .rodata.twiddleCoef_256
                0x0000000008011660      0x800 C:\Users\Labuser\STM32CubeIDE\workspace_1.8.0\SingleChannelDA\Lib\libarm_cortexM4lf_math.a(arm_common_tables.o)
                0x0000000008011660                twiddleCoef_256
 .rodata.twiddleCoef_16
                0x0000000008011e60       0x80 C:\Users\Labuser\STM32CubeIDE\workspace_1.8.0\SingleChannelDA\Lib\libarm_cortexM4lf_math.a(arm_common_tables.o)
                0x0000000008011e60                twiddleCoef_16
 .rodata.twiddleCoef_1024
                0x0000000008011ee0     0x2000 C:\Users\Labuser\STM32CubeIDE\workspace_1.8.0\SingleChannelDA\Lib\libarm_cortexM4lf_math.a(arm_common_tables.o)
                0x0000000008011ee0                twiddleCoef_1024
 .rodata.twiddleCoef_32
                0x0000000008013ee0      0x100 C:\Users\Labuser\STM32CubeIDE\workspace_1.8.0\SingleChannelDA\Lib\libarm_cortexM4lf_math.a(arm_common_tables.o)
                0x0000000008013ee0                twiddleCoef_32
 .rodata.armBitRevIndexTable1024
                0x0000000008013fe0      0xe10 C:\Users\Labuser\STM32CubeIDE\workspace_1.8.0\SingleChannelDA\Lib\libarm_cortexM4lf_math.a(arm_common_tables.o)
                0x0000000008013fe0                armBitRevIndexTable1024
 .rodata.armBitRevIndexTable16
                0x0000000008014df0       0x28 C:\Users\Labuser\STM32CubeIDE\workspace_1.8.0\SingleChannelDA\Lib\libarm_cortexM4lf_math.a(arm_common_tables.o)
                0x0000000008014df0                armBitRevIndexTable16
 .rodata.twiddleCoef_rfft_32
                0x0000000008014e18       0x80 C:\Users\Labuser\STM32CubeIDE\workspace_1.8.0\SingleChannelDA\Lib\libarm_cortexM4lf_math.a(arm_common_tables.o)
                0x0000000008014e18                twiddleCoef_rfft_32
 .rodata.armBitRevIndexTable32
                0x0000000008014e98       0x60 C:\Users\Labuser\STM32CubeIDE\workspace_1.8.0\SingleChannelDA\Lib\libarm_cortexM4lf_math.a(arm_common_tables.o)
                0x0000000008014e98                armBitRevIndexTable32
 .rodata.twiddleCoef_128
                0x0000000008014ef8      0x400 C:\Users\Labuser\STM32CubeIDE\workspace_1.8.0\SingleChannelDA\Lib\libarm_cortexM4lf_math.a(arm_common_tables.o)
                0x0000000008014ef8                twiddleCoef_128
 .rodata.twiddleCoef_512
                0x00000000080152f8     0x1000 C:\Users\Labuser\STM32CubeIDE\workspace_1.8.0\SingleChannelDA\Lib\libarm_cortexM4lf_math.a(arm_common_tables.o)
                0x00000000080152f8                twiddleCoef_512
 .rodata.armBitRevIndexTable2048
                0x00000000080162f8     0x1dc0 C:\Users\Labuser\STM32CubeIDE\workspace_1.8.0\SingleChannelDA\Lib\libarm_cortexM4lf_math.a(arm_common_tables.o)
                0x00000000080162f8                armBitRevIndexTable2048
 .rodata.twiddleCoef_64
                0x00000000080180b8      0x200 C:\Users\Labuser\STM32CubeIDE\workspace_1.8.0\SingleChannelDA\Lib\libarm_cortexM4lf_math.a(arm_common_tables.o)
                0x00000000080180b8                twiddleCoef_64
 .rodata.twiddleCoef_rfft_512
                0x00000000080182b8      0x800 C:\Users\Labuser\STM32CubeIDE\workspace_1.8.0\SingleChannelDA\Lib\libarm_cortexM4lf_math.a(arm_common_tables.o)
                0x00000000080182b8                twiddleCoef_rfft_512
 .rodata.armBitRevIndexTable512
                0x0000000008018ab8      0x380 C:\Users\Labuser\STM32CubeIDE\workspace_1.8.0\SingleChannelDA\Lib\libarm_cortexM4lf_math.a(arm_common_tables.o)
                0x0000000008018ab8                armBitRevIndexTable512
 .rodata.twiddleCoef_rfft_1024
                0x0000000008018e38     0x1000 C:\Users\Labuser\STM32CubeIDE\workspace_1.8.0\SingleChannelDA\Lib\libarm_cortexM4lf_math.a(arm_common_tables.o)
                0x0000000008018e38                twiddleCoef_rfft_1024
 .rodata.twiddleCoef_rfft_256
                0x0000000008019e38      0x400 C:\Users\Labuser\STM32CubeIDE\workspace_1.8.0\SingleChannelDA\Lib\libarm_cortexM4lf_math.a(arm_common_tables.o)
                0x0000000008019e38                twiddleCoef_rfft_256
 .rodata.armBitRevIndexTable256
                0x000000000801a238      0x370 C:\Users\Labuser\STM32CubeIDE\workspace_1.8.0\SingleChannelDA\Lib\libarm_cortexM4lf_math.a(arm_common_tables.o)
                0x000000000801a238                armBitRevIndexTable256
 .rodata.twiddleCoef_rfft_128
                0x000000000801a5a8      0x200 C:\Users\Labuser\STM32CubeIDE\workspace_1.8.0\SingleChannelDA\Lib\libarm_cortexM4lf_math.a(arm_common_tables.o)
                0x000000000801a5a8                twiddleCoef_rfft_128
 .rodata.armBitRevIndexTable128
                0x000000000801a7a8      0x1a0 C:\Users\Labuser\STM32CubeIDE\workspace_1.8.0\SingleChannelDA\Lib\libarm_cortexM4lf_math.a(arm_common_tables.o)
                0x000000000801a7a8                armBitRevIndexTable128
 .rodata._svfprintf_r.str1.1
                0x000000000801a948       0x11 c:/st/stm32cubeide_1.8.0/stm32cubeide/plugins/com.st.stm32cube.ide.mcu.externaltools.gnu-tools-for-stm32.9-2020-q2-update.win32_2.0.0.202105311346/tools/bin/../lib/gcc/arm-none-eabi/9.3.1/../../../../arm-none-eabi/lib/thumb/v7e-m+fp/hard\libc_nano.a(lib_a-nano-svfprintf.o)
 .rodata._printf_i.str1.1
                0x000000000801a959       0x22 c:/st/stm32cubeide_1.8.0/stm32cubeide/plugins/com.st.stm32cube.ide.mcu.externaltools.gnu-tools-for-stm32.9-2020-q2-update.win32_2.0.0.202105311346/tools/bin/../lib/gcc/arm-none-eabi/9.3.1/../../../../arm-none-eabi/lib/thumb/v7e-m+fp/hard\libc_nano.a(lib_a-nano-vfprintf_i.o)
 .rodata.log10f.str1.1
                0x000000000801a97b       0x22 c:/st/stm32cubeide_1.8.0/stm32cubeide/plugins/com.st.stm32cube.ide.mcu.externaltools.gnu-tools-for-stm32.9-2020-q2-update.win32_2.0.0.202105311346/tools/bin/../lib/gcc/arm-none-eabi/9.3.1/../../../../arm-none-eabi/lib/thumb/v7e-m+fp/hard\libm.a(lib_a-wf_log10.o)
                                          0x1 (size before relaxing)
                0x000000000801a9a0                . = ALIGN (0x4)
 *fill*         0x000000000801a97b        0x1 

.ARM.extab      0x000000000801a97c        0x0
                0x000000000801a97c                . = ALIGN (0x4)
 *(.ARM.extab* .gnu.linkonce.armextab.*)
                0x000000000801a97c                . = ALIGN (0x4)

.ARM            0x000000000801a97c        0x8
                0x000000000801a97c                . = ALIGN (0x4)
                0x000000000801a97c                __exidx_start = .
 *(.ARM.exidx*)
 .ARM.exidx     0x000000000801a97c        0x8 c:/st/stm32cubeide_1.8.0/stm32cubeide/plugins/com.st.stm32cube.ide.mcu.externaltools.gnu-tools-for-stm32.9-2020-q2-update.win32_2.0.0.202105311346/tools/bin/../lib/gcc/arm-none-eabi/9.3.1/thumb/v7e-m+fp/hard\libgcc.a(_udivmoddi4.o)
                0x000000000801a984                __exidx_end = .
                0x000000000801a984                . = ALIGN (0x4)

.rel.dyn        0x000000000801a984        0x0
 .rel.iplt      0x000000000801a984        0x0 c:/st/stm32cubeide_1.8.0/stm32cubeide/plugins/com.st.stm32cube.ide.mcu.externaltools.gnu-tools-for-stm32.9-2020-q2-update.win32_2.0.0.202105311346/tools/bin/../lib/gcc/arm-none-eabi/9.3.1/thumb/v7e-m+fp/hard/crtbegin.o

.preinit_array  0x000000000801a984        0x0
                0x000000000801a984                . = ALIGN (0x4)
                0x000000000801a984                PROVIDE (__preinit_array_start = .)
 *(.preinit_array*)
                0x000000000801a984                PROVIDE (__preinit_array_end = .)
                0x000000000801a984                . = ALIGN (0x4)

.init_array     0x000000000801a984        0x4
                0x000000000801a984                . = ALIGN (0x4)
                0x000000000801a984                PROVIDE (__init_array_start = .)
 *(SORT_BY_NAME(.init_array.*))
 *(.init_array*)
 .init_array    0x000000000801a984        0x4 c:/st/stm32cubeide_1.8.0/stm32cubeide/plugins/com.st.stm32cube.ide.mcu.externaltools.gnu-tools-for-stm32.9-2020-q2-update.win32_2.0.0.202105311346/tools/bin/../lib/gcc/arm-none-eabi/9.3.1/thumb/v7e-m+fp/hard/crtbegin.o
                0x000000000801a988                PROVIDE (__init_array_end = .)
                0x000000000801a988                . = ALIGN (0x4)

.fini_array     0x000000000801a988        0x4
                0x000000000801a988                . = ALIGN (0x4)
                [!provide]                        PROVIDE (__fini_array_start = .)
 *(SORT_BY_NAME(.fini_array.*))
 *(.fini_array*)
 .fini_array    0x000000000801a988        0x4 c:/st/stm32cubeide_1.8.0/stm32cubeide/plugins/com.st.stm32cube.ide.mcu.externaltools.gnu-tools-for-stm32.9-2020-q2-update.win32_2.0.0.202105311346/tools/bin/../lib/gcc/arm-none-eabi/9.3.1/thumb/v7e-m+fp/hard/crtbegin.o
                [!provide]                        PROVIDE (__fini_array_end = .)
                0x000000000801a98c                . = ALIGN (0x4)
                0x000000000801a98c                _sidata = LOADADDR (.data)

.data           0x0000000020000000       0x78 load address 0x000000000801a98c
                0x0000000020000000                . = ALIGN (0x4)
                0x0000000020000000                _sdata = .
 *(.data)
 *(.data*)
 .data.uartfree
                0x0000000020000000        0x1 ./Core/Src/main.o
                0x0000000020000000                uartfree
 *fill*         0x0000000020000001        0x3 
 .data.SystemCoreClock
                0x0000000020000004        0x4 ./Core/Src/system_stm32l4xx.o
                0x0000000020000004                SystemCoreClock
 .data.uwTickPrio
                0x0000000020000008        0x4 ./Drivers/STM32L4xx_HAL_Driver/Src/stm32l4xx_hal.o
                0x0000000020000008                uwTickPrio
 .data.uwTickFreq
                0x000000002000000c        0x1 ./Drivers/STM32L4xx_HAL_Driver/Src/stm32l4xx_hal.o
                0x000000002000000c                uwTickFreq
 *fill*         0x000000002000000d        0x3 
 .data._impure_ptr
                0x0000000020000010        0x4 c:/st/stm32cubeide_1.8.0/stm32cubeide/plugins/com.st.stm32cube.ide.mcu.externaltools.gnu-tools-for-stm32.9-2020-q2-update.win32_2.0.0.202105311346/tools/bin/../lib/gcc/arm-none-eabi/9.3.1/../../../../arm-none-eabi/lib/thumb/v7e-m+fp/hard\libc_nano.a(lib_a-impure.o)
                0x0000000020000010                _impure_ptr
 .data.impure_data
                0x0000000020000014       0x60 c:/st/stm32cubeide_1.8.0/stm32cubeide/plugins/com.st.stm32cube.ide.mcu.externaltools.gnu-tools-for-stm32.9-2020-q2-update.win32_2.0.0.202105311346/tools/bin/../lib/gcc/arm-none-eabi/9.3.1/../../../../arm-none-eabi/lib/thumb/v7e-m+fp/hard\libc_nano.a(lib_a-impure.o)
 .data.__fdlib_version
                0x0000000020000074        0x1 c:/st/stm32cubeide_1.8.0/stm32cubeide/plugins/com.st.stm32cube.ide.mcu.externaltools.gnu-tools-for-stm32.9-2020-q2-update.win32_2.0.0.202105311346/tools/bin/../lib/gcc/arm-none-eabi/9.3.1/../../../../arm-none-eabi/lib/thumb/v7e-m+fp/hard\libm.a(lib_a-s_lib_ver.o)
                0x0000000020000074                __fdlib_version
 *(.RamFunc)
 *(.RamFunc*)
                0x0000000020000078                . = ALIGN (0x4)
 *fill*         0x0000000020000075        0x3 
                0x0000000020000078                _edata = .

.igot.plt       0x0000000020000078        0x0 load address 0x000000000801aa04
 .igot.plt      0x0000000020000078        0x0 c:/st/stm32cubeide_1.8.0/stm32cubeide/plugins/com.st.stm32cube.ide.mcu.externaltools.gnu-tools-for-stm32.9-2020-q2-update.win32_2.0.0.202105311346/tools/bin/../lib/gcc/arm-none-eabi/9.3.1/thumb/v7e-m+fp/hard/crtbegin.o
                0x0000000020000078                . = ALIGN (0x4)

.bss            0x0000000020000078     0x85d8 load address 0x000000000801aa04
                0x0000000020000078                _sbss = .
                0x0000000020000078                __bss_start__ = _sbss
 *(.bss)
 .bss           0x0000000020000078       0x1c c:/st/stm32cubeide_1.8.0/stm32cubeide/plugins/com.st.stm32cube.ide.mcu.externaltools.gnu-tools-for-stm32.9-2020-q2-update.win32_2.0.0.202105311346/tools/bin/../lib/gcc/arm-none-eabi/9.3.1/thumb/v7e-m+fp/hard/crtbegin.o
 *(.bss*)
 .bss.frequency
                0x0000000020000094        0x4 ./Core/Src/main.o
                0x0000000020000094                frequency
 .bss.callback_state
                0x0000000020000098        0x1 ./Core/Src/main.o
                0x0000000020000098                callback_state
 *fill*         0x0000000020000099        0x3 
 .bss.__sbrk_heap_end
                0x000000002000009c        0x4 ./Core/Src/sysmem.o
 .bss.__malloc_free_list
                0x00000000200000a0        0x4 c:/st/stm32cubeide_1.8.0/stm32cubeide/plugins/com.st.stm32cube.ide.mcu.externaltools.gnu-tools-for-stm32.9-2020-q2-update.win32_2.0.0.202105311346/tools/bin/../lib/gcc/arm-none-eabi/9.3.1/../../../../arm-none-eabi/lib/thumb/v7e-m+fp/hard\libc_nano.a(lib_a-nano-mallocr.o)
                0x00000000200000a0                __malloc_free_list
 .bss.__malloc_sbrk_start
                0x00000000200000a4        0x4 c:/st/stm32cubeide_1.8.0/stm32cubeide/plugins/com.st.stm32cube.ide.mcu.externaltools.gnu-tools-for-stm32.9-2020-q2-update.win32_2.0.0.202105311346/tools/bin/../lib/gcc/arm-none-eabi/9.3.1/../../../../arm-none-eabi/lib/thumb/v7e-m+fp/hard\libc_nano.a(lib_a-nano-mallocr.o)
                0x00000000200000a4                __malloc_sbrk_start
 *(COMMON)
 COMMON         0x00000000200000a8     0x8594 ./Core/Src/main.o
                0x00000000200000a8                fftHandler
                0x00000000200000c0                Rx
                0x00000000200000c4                hadc1
                0x0000000020000128                hdma_usart2_tx
                0x0000000020000170                outarray
                0x0000000020000570                hdma_adc1
                0x00000000200005b8                fftBufIn
                0x00000000200025b8                adc_buf
                0x00000000200065b8                fftBufOut
                0x00000000200085b8                huart2
 COMMON         0x000000002000863c        0x4 ./Drivers/STM32L4xx_HAL_Driver/Src/stm32l4xx_hal.o
                0x000000002000863c                uwTick
 COMMON         0x0000000020008640        0x4 c:/st/stm32cubeide_1.8.0/stm32cubeide/plugins/com.st.stm32cube.ide.mcu.externaltools.gnu-tools-for-stm32.9-2020-q2-update.win32_2.0.0.202105311346/tools/bin/../lib/gcc/arm-none-eabi/9.3.1/../../../../arm-none-eabi/lib/thumb/v7e-m+fp/hard\libc_nano.a(lib_a-reent.o)
                0x0000000020008640                errno
 COMMON         0x0000000020008644        0x9 c:/st/stm32cubeide_1.8.0/stm32cubeide/plugins/com.st.stm32cube.ide.mcu.externaltools.gnu-tools-for-stm32.9-2020-q2-update.win32_2.0.0.202105311346/tools/bin/../lib/gcc/arm-none-eabi/9.3.1/../../../../arm-none-eabi/lib/thumb/v7e-m+fp/hard\libc_nano.a(lib_a-lock.o)
                0x0000000020008644                __lock___atexit_recursive_mutex
                0x0000000020008645                __lock___arc4random_mutex
                0x0000000020008646                __lock___env_recursive_mutex
                0x0000000020008647                __lock___sinit_recursive_mutex
                0x0000000020008648                __lock___malloc_recursive_mutex
                0x0000000020008649                __lock___at_quick_exit_mutex
                0x000000002000864a                __lock___dd_hash_mutex
                0x000000002000864b                __lock___tz_mutex
                0x000000002000864c                __lock___sfp_recursive_mutex
                0x0000000020008650                . = ALIGN (0x4)
 *fill*         0x000000002000864d        0x3 
                0x0000000020008650                _ebss = .
                0x0000000020008650                __bss_end__ = _ebss

._user_heap_stack
                0x0000000020008650      0x600 load address 0x000000000801aa04
                0x0000000020008650                . = ALIGN (0x8)
                [!provide]                        PROVIDE (end = .)
                0x0000000020008650                PROVIDE (_end = .)
                0x0000000020008850                . = (. + _Min_Heap_Size)
 *fill*         0x0000000020008650      0x200 
                0x0000000020008c50                . = (. + _Min_Stack_Size)
 *fill*         0x0000000020008850      0x400 
                0x0000000020008c50                . = ALIGN (0x8)

/DISCARD/
 libc.a(*)
 libm.a(*)
 libgcc.a(*)

.ARM.attributes
                0x0000000000000000       0x30
 *(.ARM.attributes)
 .ARM.attributes
                0x0000000000000000       0x1e c:/st/stm32cubeide_1.8.0/stm32cubeide/plugins/com.st.stm32cube.ide.mcu.externaltools.gnu-tools-for-stm32.9-2020-q2-update.win32_2.0.0.202105311346/tools/bin/../lib/gcc/arm-none-eabi/9.3.1/thumb/v7e-m+fp/hard/crti.o
 .ARM.attributes
                0x000000000000001e       0x34 c:/st/stm32cubeide_1.8.0/stm32cubeide/plugins/com.st.stm32cube.ide.mcu.externaltools.gnu-tools-for-stm32.9-2020-q2-update.win32_2.0.0.202105311346/tools/bin/../lib/gcc/arm-none-eabi/9.3.1/thumb/v7e-m+fp/hard/crtbegin.o
 .ARM.attributes
                0x0000000000000052       0x34 ./Core/Src/main.o
 .ARM.attributes
                0x0000000000000086       0x34 ./Core/Src/stm32l4xx_hal_msp.o
 .ARM.attributes
                0x00000000000000ba       0x34 ./Core/Src/stm32l4xx_it.o
 .ARM.attributes
                0x00000000000000ee       0x34 ./Core/Src/sysmem.o
 .ARM.attributes
                0x0000000000000122       0x34 ./Core/Src/system_stm32l4xx.o
 .ARM.attributes
                0x0000000000000156       0x21 ./Core/Startup/startup_stm32l476rgtx.o
 .ARM.attributes
                0x0000000000000177       0x34 ./Drivers/STM32L4xx_HAL_Driver/Src/stm32l4xx_hal.o
 .ARM.attributes
                0x00000000000001ab       0x34 ./Drivers/STM32L4xx_HAL_Driver/Src/stm32l4xx_hal_adc.o
 .ARM.attributes
                0x00000000000001df       0x34 ./Drivers/STM32L4xx_HAL_Driver/Src/stm32l4xx_hal_adc_ex.o
 .ARM.attributes
                0x0000000000000213       0x34 ./Drivers/STM32L4xx_HAL_Driver/Src/stm32l4xx_hal_cortex.o
 .ARM.attributes
                0x0000000000000247       0x34 ./Drivers/STM32L4xx_HAL_Driver/Src/stm32l4xx_hal_dma.o
 .ARM.attributes
                0x000000000000027b       0x34 ./Drivers/STM32L4xx_HAL_Driver/Src/stm32l4xx_hal_gpio.o
 .ARM.attributes
                0x00000000000002af       0x34 ./Drivers/STM32L4xx_HAL_Driver/Src/stm32l4xx_hal_pwr.o
 .ARM.attributes
                0x00000000000002e3       0x34 ./Drivers/STM32L4xx_HAL_Driver/Src/stm32l4xx_hal_pwr_ex.o
 .ARM.attributes
                0x0000000000000317       0x34 ./Drivers/STM32L4xx_HAL_Driver/Src/stm32l4xx_hal_rcc.o
 .ARM.attributes
                0x000000000000034b       0x34 ./Drivers/STM32L4xx_HAL_Driver/Src/stm32l4xx_hal_rcc_ex.o
 .ARM.attributes
                0x000000000000037f       0x34 ./Drivers/STM32L4xx_HAL_Driver/Src/stm32l4xx_hal_uart.o
 .ARM.attributes
                0x00000000000003b3       0x34 ./Drivers/STM32L4xx_HAL_Driver/Src/stm32l4xx_hal_uart_ex.o
 .ARM.attributes
                0x00000000000003e7       0x39 C:\Users\Labuser\STM32CubeIDE\workspace_1.8.0\SingleChannelDA\Lib\libarm_cortexM4lf_math.a(arm_rfft_fast_init_f32.o)
 .ARM.attributes
                0x0000000000000420       0x39 C:\Users\Labuser\STM32CubeIDE\workspace_1.8.0\SingleChannelDA\Lib\libarm_cortexM4lf_math.a(arm_rfft_fast_f32.o)
 .ARM.attributes
                0x0000000000000459       0x39 C:\Users\Labuser\STM32CubeIDE\workspace_1.8.0\SingleChannelDA\Lib\libarm_cortexM4lf_math.a(arm_cfft_f32.o)
 .ARM.attributes
                0x0000000000000492       0x39 C:\Users\Labuser\STM32CubeIDE\workspace_1.8.0\SingleChannelDA\Lib\libarm_cortexM4lf_math.a(arm_common_tables.o)
 .ARM.attributes
                0x00000000000004cb       0x25 C:\Users\Labuser\STM32CubeIDE\workspace_1.8.0\SingleChannelDA\Lib\libarm_cortexM4lf_math.a(arm_bitreversal2.o)
 .ARM.attributes
                0x00000000000004f0       0x39 C:\Users\Labuser\STM32CubeIDE\workspace_1.8.0\SingleChannelDA\Lib\libarm_cortexM4lf_math.a(arm_cfft_radix8_f32.o)
 .ARM.attributes
                0x0000000000000529       0x34 c:/st/stm32cubeide_1.8.0/stm32cubeide/plugins/com.st.stm32cube.ide.mcu.externaltools.gnu-tools-for-stm32.9-2020-q2-update.win32_2.0.0.202105311346/tools/bin/../lib/gcc/arm-none-eabi/9.3.1/../../../../arm-none-eabi/lib/thumb/v7e-m+fp/hard\libc_nano.a(lib_a-errno.o)
 .ARM.attributes
                0x000000000000055d       0x32 c:/st/stm32cubeide_1.8.0/stm32cubeide/plugins/com.st.stm32cube.ide.mcu.externaltools.gnu-tools-for-stm32.9-2020-q2-update.win32_2.0.0.202105311346/tools/bin/../lib/gcc/arm-none-eabi/9.3.1/../../../../arm-none-eabi/lib/thumb/v7e-m+fp/hard\libc_nano.a(lib_a-impure.o)
 .ARM.attributes
                0x000000000000058f       0x34 c:/st/stm32cubeide_1.8.0/stm32cubeide/plugins/com.st.stm32cube.ide.mcu.externaltools.gnu-tools-for-stm32.9-2020-q2-update.win32_2.0.0.202105311346/tools/bin/../lib/gcc/arm-none-eabi/9.3.1/../../../../arm-none-eabi/lib/thumb/v7e-m+fp/hard\libc_nano.a(lib_a-init.o)
 .ARM.attributes
                0x00000000000005c3       0x34 c:/st/stm32cubeide_1.8.0/stm32cubeide/plugins/com.st.stm32cube.ide.mcu.externaltools.gnu-tools-for-stm32.9-2020-q2-update.win32_2.0.0.202105311346/tools/bin/../lib/gcc/arm-none-eabi/9.3.1/../../../../arm-none-eabi/lib/thumb/v7e-m+fp/hard\libc_nano.a(lib_a-memset.o)
 .ARM.attributes
                0x00000000000005f7       0x34 c:/st/stm32cubeide_1.8.0/stm32cubeide/plugins/com.st.stm32cube.ide.mcu.externaltools.gnu-tools-for-stm32.9-2020-q2-update.win32_2.0.0.202105311346/tools/bin/../lib/gcc/arm-none-eabi/9.3.1/../../../../arm-none-eabi/lib/thumb/v7e-m+fp/hard\libc_nano.a(lib_a-snprintf.o)
 .ARM.attributes
                0x000000000000062b       0x17 c:/st/stm32cubeide_1.8.0/stm32cubeide/plugins/com.st.stm32cube.ide.mcu.externaltools.gnu-tools-for-stm32.9-2020-q2-update.win32_2.0.0.202105311346/tools/bin/../lib/gcc/arm-none-eabi/9.3.1/../../../../arm-none-eabi/lib/thumb/v7e-m+fp/hard\libc_nano.a(lib_a-strlen.o)
 .ARM.attributes
                0x0000000000000642       0x34 c:/st/stm32cubeide_1.8.0/stm32cubeide/plugins/com.st.stm32cube.ide.mcu.externaltools.gnu-tools-for-stm32.9-2020-q2-update.win32_2.0.0.202105311346/tools/bin/../lib/gcc/arm-none-eabi/9.3.1/../../../../arm-none-eabi/lib/thumb/v7e-m+fp/hard\libc_nano.a(lib_a-nano-svfprintf.o)
 .ARM.attributes
                0x0000000000000676       0x34 c:/st/stm32cubeide_1.8.0/stm32cubeide/plugins/com.st.stm32cube.ide.mcu.externaltools.gnu-tools-for-stm32.9-2020-q2-update.win32_2.0.0.202105311346/tools/bin/../lib/gcc/arm-none-eabi/9.3.1/../../../../arm-none-eabi/lib/thumb/v7e-m+fp/hard\libc_nano.a(lib_a-nano-vfprintf_i.o)
 .ARM.attributes
                0x00000000000006aa       0x1c c:/st/stm32cubeide_1.8.0/stm32cubeide/plugins/com.st.stm32cube.ide.mcu.externaltools.gnu-tools-for-stm32.9-2020-q2-update.win32_2.0.0.202105311346/tools/bin/../lib/gcc/arm-none-eabi/9.3.1/../../../../arm-none-eabi/lib/thumb/v7e-m+fp/hard\libc_nano.a(lib_a-memchr.o)
 .ARM.attributes
                0x00000000000006c6       0x34 c:/st/stm32cubeide_1.8.0/stm32cubeide/plugins/com.st.stm32cube.ide.mcu.externaltools.gnu-tools-for-stm32.9-2020-q2-update.win32_2.0.0.202105311346/tools/bin/../lib/gcc/arm-none-eabi/9.3.1/../../../../arm-none-eabi/lib/thumb/v7e-m+fp/hard\libc_nano.a(lib_a-memcpy-stub.o)
 .ARM.attributes
                0x00000000000006fa       0x34 c:/st/stm32cubeide_1.8.0/stm32cubeide/plugins/com.st.stm32cube.ide.mcu.externaltools.gnu-tools-for-stm32.9-2020-q2-update.win32_2.0.0.202105311346/tools/bin/../lib/gcc/arm-none-eabi/9.3.1/../../../../arm-none-eabi/lib/thumb/v7e-m+fp/hard\libc_nano.a(lib_a-memmove.o)
 .ARM.attributes
                0x000000000000072e       0x34 c:/st/stm32cubeide_1.8.0/stm32cubeide/plugins/com.st.stm32cube.ide.mcu.externaltools.gnu-tools-for-stm32.9-2020-q2-update.win32_2.0.0.202105311346/tools/bin/../lib/gcc/arm-none-eabi/9.3.1/../../../../arm-none-eabi/lib/thumb/v7e-m+fp/hard\libc_nano.a(lib_a-nano-freer.o)
 .ARM.attributes
                0x0000000000000762       0x34 c:/st/stm32cubeide_1.8.0/stm32cubeide/plugins/com.st.stm32cube.ide.mcu.externaltools.gnu-tools-for-stm32.9-2020-q2-update.win32_2.0.0.202105311346/tools/bin/../lib/gcc/arm-none-eabi/9.3.1/../../../../arm-none-eabi/lib/thumb/v7e-m+fp/hard\libc_nano.a(lib_a-nano-mallocr.o)
 .ARM.attributes
                0x0000000000000796       0x34 c:/st/stm32cubeide_1.8.0/stm32cubeide/plugins/com.st.stm32cube.ide.mcu.externaltools.gnu-tools-for-stm32.9-2020-q2-update.win32_2.0.0.202105311346/tools/bin/../lib/gcc/arm-none-eabi/9.3.1/../../../../arm-none-eabi/lib/thumb/v7e-m+fp/hard\libc_nano.a(lib_a-nano-reallocr.o)
 .ARM.attributes
                0x00000000000007ca       0x34 c:/st/stm32cubeide_1.8.0/stm32cubeide/plugins/com.st.stm32cube.ide.mcu.externaltools.gnu-tools-for-stm32.9-2020-q2-update.win32_2.0.0.202105311346/tools/bin/../lib/gcc/arm-none-eabi/9.3.1/../../../../arm-none-eabi/lib/thumb/v7e-m+fp/hard\libc_nano.a(lib_a-sbrkr.o)
 .ARM.attributes
                0x00000000000007fe       0x34 c:/st/stm32cubeide_1.8.0/stm32cubeide/plugins/com.st.stm32cube.ide.mcu.externaltools.gnu-tools-for-stm32.9-2020-q2-update.win32_2.0.0.202105311346/tools/bin/../lib/gcc/arm-none-eabi/9.3.1/../../../../arm-none-eabi/lib/thumb/v7e-m+fp/hard\libc_nano.a(lib_a-mlock.o)
 .ARM.attributes
                0x0000000000000832       0x34 c:/st/stm32cubeide_1.8.0/stm32cubeide/plugins/com.st.stm32cube.ide.mcu.externaltools.gnu-tools-for-stm32.9-2020-q2-update.win32_2.0.0.202105311346/tools/bin/../lib/gcc/arm-none-eabi/9.3.1/../../../../arm-none-eabi/lib/thumb/v7e-m+fp/hard\libc_nano.a(lib_a-nano-msizer.o)
 .ARM.attributes
                0x0000000000000866       0x34 c:/st/stm32cubeide_1.8.0/stm32cubeide/plugins/com.st.stm32cube.ide.mcu.externaltools.gnu-tools-for-stm32.9-2020-q2-update.win32_2.0.0.202105311346/tools/bin/../lib/gcc/arm-none-eabi/9.3.1/../../../../arm-none-eabi/lib/thumb/v7e-m+fp/hard\libc_nano.a(lib_a-reent.o)
 .ARM.attributes
                0x000000000000089a       0x34 c:/st/stm32cubeide_1.8.0/stm32cubeide/plugins/com.st.stm32cube.ide.mcu.externaltools.gnu-tools-for-stm32.9-2020-q2-update.win32_2.0.0.202105311346/tools/bin/../lib/gcc/arm-none-eabi/9.3.1/../../../../arm-none-eabi/lib/thumb/v7e-m+fp/hard\libc_nano.a(lib_a-lock.o)
 .ARM.attributes
                0x00000000000008ce       0x34 c:/st/stm32cubeide_1.8.0/stm32cubeide/plugins/com.st.stm32cube.ide.mcu.externaltools.gnu-tools-for-stm32.9-2020-q2-update.win32_2.0.0.202105311346/tools/bin/../lib/gcc/arm-none-eabi/9.3.1/../../../../arm-none-eabi/lib/thumb/v7e-m+fp/hard\libm.a(lib_a-wf_log10.o)
 .ARM.attributes
                0x0000000000000902       0x34 c:/st/stm32cubeide_1.8.0/stm32cubeide/plugins/com.st.stm32cube.ide.mcu.externaltools.gnu-tools-for-stm32.9-2020-q2-update.win32_2.0.0.202105311346/tools/bin/../lib/gcc/arm-none-eabi/9.3.1/../../../../arm-none-eabi/lib/thumb/v7e-m+fp/hard\libm.a(lib_a-wf_sqrt.o)
 .ARM.attributes
                0x0000000000000936       0x34 c:/st/stm32cubeide_1.8.0/stm32cubeide/plugins/com.st.stm32cube.ide.mcu.externaltools.gnu-tools-for-stm32.9-2020-q2-update.win32_2.0.0.202105311346/tools/bin/../lib/gcc/arm-none-eabi/9.3.1/../../../../arm-none-eabi/lib/thumb/v7e-m+fp/hard\libm.a(lib_a-ef_log10.o)
 .ARM.attributes
                0x000000000000096a       0x34 c:/st/stm32cubeide_1.8.0/stm32cubeide/plugins/com.st.stm32cube.ide.mcu.externaltools.gnu-tools-for-stm32.9-2020-q2-update.win32_2.0.0.202105311346/tools/bin/../lib/gcc/arm-none-eabi/9.3.1/../../../../arm-none-eabi/lib/thumb/v7e-m+fp/hard\libm.a(lib_a-ef_sqrt.o)
 .ARM.attributes
                0x000000000000099e       0x32 c:/st/stm32cubeide_1.8.0/stm32cubeide/plugins/com.st.stm32cube.ide.mcu.externaltools.gnu-tools-for-stm32.9-2020-q2-update.win32_2.0.0.202105311346/tools/bin/../lib/gcc/arm-none-eabi/9.3.1/../../../../arm-none-eabi/lib/thumb/v7e-m+fp/hard\libm.a(lib_a-s_lib_ver.o)
 .ARM.attributes
                0x00000000000009d0       0x34 c:/st/stm32cubeide_1.8.0/stm32cubeide/plugins/com.st.stm32cube.ide.mcu.externaltools.gnu-tools-for-stm32.9-2020-q2-update.win32_2.0.0.202105311346/tools/bin/../lib/gcc/arm-none-eabi/9.3.1/../../../../arm-none-eabi/lib/thumb/v7e-m+fp/hard\libm.a(lib_a-sf_nan.o)
 .ARM.attributes
                0x0000000000000a04       0x34 c:/st/stm32cubeide_1.8.0/stm32cubeide/plugins/com.st.stm32cube.ide.mcu.externaltools.gnu-tools-for-stm32.9-2020-q2-update.win32_2.0.0.202105311346/tools/bin/../lib/gcc/arm-none-eabi/9.3.1/../../../../arm-none-eabi/lib/thumb/v7e-m+fp/hard\libm.a(lib_a-ef_log.o)
 .ARM.attributes
                0x0000000000000a38       0x1e c:/st/stm32cubeide_1.8.0/stm32cubeide/plugins/com.st.stm32cube.ide.mcu.externaltools.gnu-tools-for-stm32.9-2020-q2-update.win32_2.0.0.202105311346/tools/bin/../lib/gcc/arm-none-eabi/9.3.1/thumb/v7e-m+fp/hard\libgcc.a(_aeabi_uldivmod.o)
 .ARM.attributes
                0x0000000000000a56       0x34 c:/st/stm32cubeide_1.8.0/stm32cubeide/plugins/com.st.stm32cube.ide.mcu.externaltools.gnu-tools-for-stm32.9-2020-q2-update.win32_2.0.0.202105311346/tools/bin/../lib/gcc/arm-none-eabi/9.3.1/thumb/v7e-m+fp/hard\libgcc.a(_udivmoddi4.o)
 .ARM.attributes
                0x0000000000000a8a       0x1e c:/st/stm32cubeide_1.8.0/stm32cubeide/plugins/com.st.stm32cube.ide.mcu.externaltools.gnu-tools-for-stm32.9-2020-q2-update.win32_2.0.0.202105311346/tools/bin/../lib/gcc/arm-none-eabi/9.3.1/thumb/v7e-m+fp/hard\libgcc.a(_dvmd_tls.o)
 .ARM.attributes
                0x0000000000000aa8       0x1e c:/st/stm32cubeide_1.8.0/stm32cubeide/plugins/com.st.stm32cube.ide.mcu.externaltools.gnu-tools-for-stm32.9-2020-q2-update.win32_2.0.0.202105311346/tools/bin/../lib/gcc/arm-none-eabi/9.3.1/thumb/v7e-m+fp/hard/crtn.o
OUTPUT(SingleChannelDA.elf elf32-littlearm)
LOAD linker stubs
LOAD c:/st/stm32cubeide_1.8.0/stm32cubeide/plugins/com.st.stm32cube.ide.mcu.externaltools.gnu-tools-for-stm32.9-2020-q2-update.win32_2.0.0.202105311346/tools/bin/../lib/gcc/arm-none-eabi/9.3.1/../../../../arm-none-eabi/lib/thumb/v7e-m+fp/hard\libc.a
LOAD c:/st/stm32cubeide_1.8.0/stm32cubeide/plugins/com.st.stm32cube.ide.mcu.externaltools.gnu-tools-for-stm32.9-2020-q2-update.win32_2.0.0.202105311346/tools/bin/../lib/gcc/arm-none-eabi/9.3.1/../../../../arm-none-eabi/lib/thumb/v7e-m+fp/hard\libm.a
LOAD c:/st/stm32cubeide_1.8.0/stm32cubeide/plugins/com.st.stm32cube.ide.mcu.externaltools.gnu-tools-for-stm32.9-2020-q2-update.win32_2.0.0.202105311346/tools/bin/../lib/gcc/arm-none-eabi/9.3.1/thumb/v7e-m+fp/hard\libgcc.a

.debug_info     0x0000000000000000    0x166cb
 .debug_info    0x0000000000000000     0x22dd ./Core/Src/main.o
 .debug_info    0x00000000000022dd     0x15e0 ./Core/Src/stm32l4xx_hal_msp.o
 .debug_info    0x00000000000038bd      0x964 ./Core/Src/stm32l4xx_it.o
 .debug_info    0x0000000000004221      0xa25 ./Core/Src/sysmem.o
 .debug_info    0x0000000000004c46      0x772 ./Core/Src/system_stm32l4xx.o
 .debug_info    0x00000000000053b8       0x22 ./Core/Startup/startup_stm32l476rgtx.o
 .debug_info    0x00000000000053da      0xddb ./Drivers/STM32L4xx_HAL_Driver/Src/stm32l4xx_hal.o
 .debug_info    0x00000000000061b5     0x1fc8 ./Drivers/STM32L4xx_HAL_Driver/Src/stm32l4xx_hal_adc.o
 .debug_info    0x000000000000817d     0x1d10 ./Drivers/STM32L4xx_HAL_Driver/Src/stm32l4xx_hal_adc_ex.o
 .debug_info    0x0000000000009e8d     0x102e ./Drivers/STM32L4xx_HAL_Driver/Src/stm32l4xx_hal_cortex.o
 .debug_info    0x000000000000aebb      0x973 ./Drivers/STM32L4xx_HAL_Driver/Src/stm32l4xx_hal_dma.o
 .debug_info    0x000000000000b82e      0xa5e ./Drivers/STM32L4xx_HAL_Driver/Src/stm32l4xx_hal_gpio.o
 .debug_info    0x000000000000c28c      0xb39 ./Drivers/STM32L4xx_HAL_Driver/Src/stm32l4xx_hal_pwr.o
 .debug_info    0x000000000000cdc5      0xc00 ./Drivers/STM32L4xx_HAL_Driver/Src/stm32l4xx_hal_pwr_ex.o
 .debug_info    0x000000000000d9c5      0xe37 ./Drivers/STM32L4xx_HAL_Driver/Src/stm32l4xx_hal_rcc.o
 .debug_info    0x000000000000e7fc     0x103f ./Drivers/STM32L4xx_HAL_Driver/Src/stm32l4xx_hal_rcc_ex.o
 .debug_info    0x000000000000f83b     0x3e56 ./Drivers/STM32L4xx_HAL_Driver/Src/stm32l4xx_hal_uart.o
 .debug_info    0x0000000000013691      0xf56 ./Drivers/STM32L4xx_HAL_Driver/Src/stm32l4xx_hal_uart_ex.o
 .debug_info    0x00000000000145e7      0x4c3 C:\Users\Labuser\STM32CubeIDE\workspace_1.8.0\SingleChannelDA\Lib\libarm_cortexM4lf_math.a(arm_rfft_fast_init_f32.o)
 .debug_info    0x0000000000014aaa      0x72d C:\Users\Labuser\STM32CubeIDE\workspace_1.8.0\SingleChannelDA\Lib\libarm_cortexM4lf_math.a(arm_rfft_fast_f32.o)
 .debug_info    0x00000000000151d7      0x6b9 C:\Users\Labuser\STM32CubeIDE\workspace_1.8.0\SingleChannelDA\Lib\libarm_cortexM4lf_math.a(arm_cfft_f32.o)
 .debug_info    0x0000000000015890      0x99d C:\Users\Labuser\STM32CubeIDE\workspace_1.8.0\SingleChannelDA\Lib\libarm_cortexM4lf_math.a(arm_common_tables.o)
 .debug_info    0x000000000001622d       0x85 C:\Users\Labuser\STM32CubeIDE\workspace_1.8.0\SingleChannelDA\Lib\libarm_cortexM4lf_math.a(arm_bitreversal2.o)
 .debug_info    0x00000000000162b2      0x419 C:\Users\Labuser\STM32CubeIDE\workspace_1.8.0\SingleChannelDA\Lib\libarm_cortexM4lf_math.a(arm_cfft_radix8_f32.o)

.debug_abbrev   0x0000000000000000     0x2b4a
 .debug_abbrev  0x0000000000000000      0x353 ./Core/Src/main.o
 .debug_abbrev  0x0000000000000353      0x1b5 ./Core/Src/stm32l4xx_hal_msp.o
 .debug_abbrev  0x0000000000000508      0x163 ./Core/Src/stm32l4xx_it.o
 .debug_abbrev  0x000000000000066b      0x1bf ./Core/Src/sysmem.o
 .debug_abbrev  0x000000000000082a      0x165 ./Core/Src/system_stm32l4xx.o
 .debug_abbrev  0x000000000000098f       0x12 ./Core/Startup/startup_stm32l476rgtx.o
 .debug_abbrev  0x00000000000009a1      0x227 ./Drivers/STM32L4xx_HAL_Driver/Src/stm32l4xx_hal.o
 .debug_abbrev  0x0000000000000bc8      0x291 ./Drivers/STM32L4xx_HAL_Driver/Src/stm32l4xx_hal_adc.o
 .debug_abbrev  0x0000000000000e59      0x2ac ./Drivers/STM32L4xx_HAL_Driver/Src/stm32l4xx_hal_adc_ex.o
 .debug_abbrev  0x0000000000001105      0x33c ./Drivers/STM32L4xx_HAL_Driver/Src/stm32l4xx_hal_cortex.o
 .debug_abbrev  0x0000000000001441      0x201 ./Drivers/STM32L4xx_HAL_Driver/Src/stm32l4xx_hal_dma.o
 .debug_abbrev  0x0000000000001642      0x1e8 ./Drivers/STM32L4xx_HAL_Driver/Src/stm32l4xx_hal_gpio.o
 .debug_abbrev  0x000000000000182a      0x1ab ./Drivers/STM32L4xx_HAL_Driver/Src/stm32l4xx_hal_pwr.o
 .debug_abbrev  0x00000000000019d5      0x1f3 ./Drivers/STM32L4xx_HAL_Driver/Src/stm32l4xx_hal_pwr_ex.o
 .debug_abbrev  0x0000000000001bc8      0x275 ./Drivers/STM32L4xx_HAL_Driver/Src/stm32l4xx_hal_rcc.o
 .debug_abbrev  0x0000000000001e3d      0x268 ./Drivers/STM32L4xx_HAL_Driver/Src/stm32l4xx_hal_rcc_ex.o
 .debug_abbrev  0x00000000000020a5      0x2b3 ./Drivers/STM32L4xx_HAL_Driver/Src/stm32l4xx_hal_uart.o
 .debug_abbrev  0x0000000000002358      0x2a2 ./Drivers/STM32L4xx_HAL_Driver/Src/stm32l4xx_hal_uart_ex.o
 .debug_abbrev  0x00000000000025fa       0xfd C:\Users\Labuser\STM32CubeIDE\workspace_1.8.0\SingleChannelDA\Lib\libarm_cortexM4lf_math.a(arm_rfft_fast_init_f32.o)
 .debug_abbrev  0x00000000000026f7      0x188 C:\Users\Labuser\STM32CubeIDE\workspace_1.8.0\SingleChannelDA\Lib\libarm_cortexM4lf_math.a(arm_rfft_fast_f32.o)
 .debug_abbrev  0x000000000000287f      0x18b C:\Users\Labuser\STM32CubeIDE\workspace_1.8.0\SingleChannelDA\Lib\libarm_cortexM4lf_math.a(arm_cfft_f32.o)
 .debug_abbrev  0x0000000000002a0a       0x84 C:\Users\Labuser\STM32CubeIDE\workspace_1.8.0\SingleChannelDA\Lib\libarm_cortexM4lf_math.a(arm_common_tables.o)
 .debug_abbrev  0x0000000000002a8e       0x14 C:\Users\Labuser\STM32CubeIDE\workspace_1.8.0\SingleChannelDA\Lib\libarm_cortexM4lf_math.a(arm_bitreversal2.o)
 .debug_abbrev  0x0000000000002aa2       0xa8 C:\Users\Labuser\STM32CubeIDE\workspace_1.8.0\SingleChannelDA\Lib\libarm_cortexM4lf_math.a(arm_cfft_radix8_f32.o)

.debug_aranges  0x0000000000000000      0xf48
 .debug_aranges
                0x0000000000000000       0x78 ./Core/Src/main.o
 .debug_aranges
                0x0000000000000078       0x40 ./Core/Src/stm32l4xx_hal_msp.o
 .debug_aranges
                0x00000000000000b8       0x78 ./Core/Src/stm32l4xx_it.o
 .debug_aranges
                0x0000000000000130       0x20 ./Core/Src/sysmem.o
 .debug_aranges
                0x0000000000000150       0x28 ./Core/Src/system_stm32l4xx.o
 .debug_aranges
                0x0000000000000178       0x28 ./Core/Startup/startup_stm32l476rgtx.o
 .debug_aranges
                0x00000000000001a0      0x130 ./Drivers/STM32L4xx_HAL_Driver/Src/stm32l4xx_hal.o
 .debug_aranges
                0x00000000000002d0      0x220 ./Drivers/STM32L4xx_HAL_Driver/Src/stm32l4xx_hal_adc.o
 .debug_aranges
                0x00000000000004f0      0x1a8 ./Drivers/STM32L4xx_HAL_Driver/Src/stm32l4xx_hal_adc_ex.o
 .debug_aranges
                0x0000000000000698      0x118 ./Drivers/STM32L4xx_HAL_Driver/Src/stm32l4xx_hal_cortex.o
 .debug_aranges
                0x00000000000007b0       0x80 ./Drivers/STM32L4xx_HAL_Driver/Src/stm32l4xx_hal_dma.o
 .debug_aranges
                0x0000000000000830       0x58 ./Drivers/STM32L4xx_HAL_Driver/Src/stm32l4xx_hal_gpio.o
 .debug_aranges
                0x0000000000000888       0x98 ./Drivers/STM32L4xx_HAL_Driver/Src/stm32l4xx_hal_pwr.o
 .debug_aranges
                0x0000000000000920      0x160 ./Drivers/STM32L4xx_HAL_Driver/Src/stm32l4xx_hal_pwr_ex.o
 .debug_aranges
                0x0000000000000a80       0x90 ./Drivers/STM32L4xx_HAL_Driver/Src/stm32l4xx_hal_rcc.o
 .debug_aranges
                0x0000000000000b10       0xc0 ./Drivers/STM32L4xx_HAL_Driver/Src/stm32l4xx_hal_rcc_ex.o
 .debug_aranges
                0x0000000000000bd0      0x228 ./Drivers/STM32L4xx_HAL_Driver/Src/stm32l4xx_hal_uart.o
 .debug_aranges
                0x0000000000000df8       0x78 ./Drivers/STM32L4xx_HAL_Driver/Src/stm32l4xx_hal_uart_ex.o
 .debug_aranges
                0x0000000000000e70       0x20 C:\Users\Labuser\STM32CubeIDE\workspace_1.8.0\SingleChannelDA\Lib\libarm_cortexM4lf_math.a(arm_rfft_fast_init_f32.o)
 .debug_aranges
                0x0000000000000e90       0x30 C:\Users\Labuser\STM32CubeIDE\workspace_1.8.0\SingleChannelDA\Lib\libarm_cortexM4lf_math.a(arm_rfft_fast_f32.o)
 .debug_aranges
                0x0000000000000ec0       0x30 C:\Users\Labuser\STM32CubeIDE\workspace_1.8.0\SingleChannelDA\Lib\libarm_cortexM4lf_math.a(arm_cfft_f32.o)
 .debug_aranges
                0x0000000000000ef0       0x18 C:\Users\Labuser\STM32CubeIDE\workspace_1.8.0\SingleChannelDA\Lib\libarm_cortexM4lf_math.a(arm_common_tables.o)
 .debug_aranges
                0x0000000000000f08       0x20 C:\Users\Labuser\STM32CubeIDE\workspace_1.8.0\SingleChannelDA\Lib\libarm_cortexM4lf_math.a(arm_bitreversal2.o)
 .debug_aranges
                0x0000000000000f28       0x20 C:\Users\Labuser\STM32CubeIDE\workspace_1.8.0\SingleChannelDA\Lib\libarm_cortexM4lf_math.a(arm_cfft_radix8_f32.o)

.debug_ranges   0x0000000000000000      0xde8
 .debug_ranges  0x0000000000000000       0x68 ./Core/Src/main.o
 .debug_ranges  0x0000000000000068       0x30 ./Core/Src/stm32l4xx_hal_msp.o
 .debug_ranges  0x0000000000000098       0x68 ./Core/Src/stm32l4xx_it.o
 .debug_ranges  0x0000000000000100       0x10 ./Core/Src/sysmem.o
 .debug_ranges  0x0000000000000110       0x18 ./Core/Src/system_stm32l4xx.o
 .debug_ranges  0x0000000000000128       0x20 ./Core/Startup/startup_stm32l476rgtx.o
 .debug_ranges  0x0000000000000148      0x120 ./Drivers/STM32L4xx_HAL_Driver/Src/stm32l4xx_hal.o
 .debug_ranges  0x0000000000000268      0x210 ./Drivers/STM32L4xx_HAL_Driver/Src/stm32l4xx_hal_adc.o
 .debug_ranges  0x0000000000000478      0x198 ./Drivers/STM32L4xx_HAL_Driver/Src/stm32l4xx_hal_adc_ex.o
 .debug_ranges  0x0000000000000610      0x108 ./Drivers/STM32L4xx_HAL_Driver/Src/stm32l4xx_hal_cortex.o
 .debug_ranges  0x0000000000000718       0x70 ./Drivers/STM32L4xx_HAL_Driver/Src/stm32l4xx_hal_dma.o
 .debug_ranges  0x0000000000000788       0x48 ./Drivers/STM32L4xx_HAL_Driver/Src/stm32l4xx_hal_gpio.o
 .debug_ranges  0x00000000000007d0       0x88 ./Drivers/STM32L4xx_HAL_Driver/Src/stm32l4xx_hal_pwr.o
 .debug_ranges  0x0000000000000858      0x150 ./Drivers/STM32L4xx_HAL_Driver/Src/stm32l4xx_hal_pwr_ex.o
 .debug_ranges  0x00000000000009a8       0x80 ./Drivers/STM32L4xx_HAL_Driver/Src/stm32l4xx_hal_rcc.o
 .debug_ranges  0x0000000000000a28       0xb0 ./Drivers/STM32L4xx_HAL_Driver/Src/stm32l4xx_hal_rcc_ex.o
 .debug_ranges  0x0000000000000ad8      0x248 ./Drivers/STM32L4xx_HAL_Driver/Src/stm32l4xx_hal_uart.o
 .debug_ranges  0x0000000000000d20       0x68 ./Drivers/STM32L4xx_HAL_Driver/Src/stm32l4xx_hal_uart_ex.o
 .debug_ranges  0x0000000000000d88       0x10 C:\Users\Labuser\STM32CubeIDE\workspace_1.8.0\SingleChannelDA\Lib\libarm_cortexM4lf_math.a(arm_rfft_fast_init_f32.o)
 .debug_ranges  0x0000000000000d98       0x20 C:\Users\Labuser\STM32CubeIDE\workspace_1.8.0\SingleChannelDA\Lib\libarm_cortexM4lf_math.a(arm_rfft_fast_f32.o)
 .debug_ranges  0x0000000000000db8       0x20 C:\Users\Labuser\STM32CubeIDE\workspace_1.8.0\SingleChannelDA\Lib\libarm_cortexM4lf_math.a(arm_cfft_f32.o)
 .debug_ranges  0x0000000000000dd8       0x10 C:\Users\Labuser\STM32CubeIDE\workspace_1.8.0\SingleChannelDA\Lib\libarm_cortexM4lf_math.a(arm_cfft_radix8_f32.o)

.debug_macro    0x0000000000000000    0x2824b
 .debug_macro   0x0000000000000000      0x306 ./Core/Src/main.o
 .debug_macro   0x0000000000000306      0xaa8 ./Core/Src/main.o
 .debug_macro   0x0000000000000dae      0x1ad ./Core/Src/main.o
 .debug_macro   0x0000000000000f5b       0x2e ./Core/Src/main.o
 .debug_macro   0x0000000000000f89       0x28 ./Core/Src/main.o
 .debug_macro   0x0000000000000fb1       0x22 ./Core/Src/main.o
 .debug_macro   0x0000000000000fd3       0x8e ./Core/Src/main.o
 .debug_macro   0x0000000000001061       0x51 ./Core/Src/main.o
 .debug_macro   0x00000000000010b2      0x103 ./Core/Src/main.o
 .debug_macro   0x00000000000011b5       0x6a ./Core/Src/main.o
 .debug_macro   0x000000000000121f      0x1df ./Core/Src/main.o
 .debug_macro   0x00000000000013fe       0x1c ./Core/Src/main.o
 .debug_macro   0x000000000000141a       0x22 ./Core/Src/main.o
 .debug_macro   0x000000000000143c      0x101 ./Core/Src/main.o
 .debug_macro   0x000000000000153d     0x1011 ./Core/Src/main.o
 .debug_macro   0x000000000000254e      0x11f ./Core/Src/main.o
 .debug_macro   0x000000000000266d    0x1a17a ./Core/Src/main.o
 .debug_macro   0x000000000001c7e7       0x6d ./Core/Src/main.o
 .debug_macro   0x000000000001c854     0x38e6 ./Core/Src/main.o
 .debug_macro   0x000000000002013a      0x174 ./Core/Src/main.o
 .debug_macro   0x00000000000202ae       0x5c ./Core/Src/main.o
 .debug_macro   0x000000000002030a     0x159e ./Core/Src/main.o
 .debug_macro   0x00000000000218a8      0x5a5 ./Core/Src/main.o
 .debug_macro   0x0000000000021e4d      0x1b9 ./Core/Src/main.o
 .debug_macro   0x0000000000022006      0x18b ./Core/Src/main.o
 .debug_macro   0x0000000000022191      0x26b ./Core/Src/main.o
 .debug_macro   0x00000000000223fc      0x23d ./Core/Src/main.o
 .debug_macro   0x0000000000022639      0xf8a ./Core/Src/main.o
 .debug_macro   0x00000000000235c3      0x632 ./Core/Src/main.o
 .debug_macro   0x0000000000023bf5      0x30c ./Core/Src/main.o
 .debug_macro   0x0000000000023f01      0x241 ./Core/Src/main.o
 .debug_macro   0x0000000000024142      0x37c ./Core/Src/main.o
 .debug_macro   0x00000000000244be       0xd6 ./Core/Src/main.o
 .debug_macro   0x0000000000024594      0x22c ./Core/Src/main.o
 .debug_macro   0x00000000000247c0       0x61 ./Core/Src/main.o
 .debug_macro   0x0000000000024821       0xa5 ./Core/Src/main.o
 .debug_macro   0x00000000000248c6      0x122 ./Core/Src/main.o
 .debug_macro   0x00000000000249e8      0x3ef ./Core/Src/main.o
 .debug_macro   0x0000000000024dd7      0x5ba ./Core/Src/main.o
 .debug_macro   0x0000000000025391       0x44 ./Core/Src/main.o
 .debug_macro   0x00000000000253d5      0x330 ./Core/Src/main.o
 .debug_macro   0x0000000000025705       0x40 ./Core/Src/main.o
 .debug_macro   0x0000000000025745       0x12 ./Core/Src/main.o
 .debug_macro   0x0000000000025757       0x52 ./Core/Src/main.o
 .debug_macro   0x00000000000257a9       0x18 ./Core/Src/main.o
 .debug_macro   0x00000000000257c1       0x3c ./Core/Src/main.o
 .debug_macro   0x00000000000257fd       0x34 ./Core/Src/main.o
 .debug_macro   0x0000000000025831       0x16 ./Core/Src/main.o
 .debug_macro   0x0000000000025847       0x43 ./Core/Src/main.o
 .debug_macro   0x000000000002588a       0x34 ./Core/Src/main.o
 .debug_macro   0x00000000000258be       0x10 ./Core/Src/main.o
 .debug_macro   0x00000000000258ce       0x58 ./Core/Src/main.o
 .debug_macro   0x0000000000025926       0x71 ./Core/Src/main.o
 .debug_macro   0x0000000000025997       0x1c ./Core/Src/main.o
 .debug_macro   0x00000000000259b3      0x12a ./Core/Src/main.o
 .debug_macro   0x0000000000025add      0x333 ./Core/Src/main.o
 .debug_macro   0x0000000000025e10       0x10 ./Core/Src/main.o
 .debug_macro   0x0000000000025e20       0x35 ./Core/Src/main.o
 .debug_macro   0x0000000000025e55       0x20 ./Core/Src/main.o