main.c:91:5:main	24	static
main.c:170:7:complexABS	16	static
main.c:174:6:DoFFT	4336	static
main.c:225:6:SystemClock_Config	96	static
main.c:282:13:MX_ADC1_Init	48	static
main.c:346:13:MX_USART2_UART_Init	8	static
main.c:379:13:MX_DMA_Init	16	static
main.c:400:13:MX_GPIO_Init	48	static
main.c:430:6:HAL_ADC_ConvHalfCpltCallback	16	static
main.c:450:6:HAL_ADC_ConvCpltCallback	16	static
main.c:472:6:HAL_UART_TxHalfCpltCallback	16	static
main.c:484:6:Error_Handler	4	static,ignoring_inline_asm
